aoc: Environment checks are completed successfully.
aoc: Cached files in /var/tmp/aocl/ may be used to reduce compilation time
Compiling for FPGA. This process may take a long time, please be patient.
Command exited with non-zero status 124
	Command being timed: "timeout --signal=TERM --kill-after=10s 180s aoc -v -rtl -save-temps -board=s5_ref conv_pipe_int16_4mul.aoco"
	User time (seconds): 288.82
	System time (seconds): 12.72
	Percent of CPU this job got: 167%
	Elapsed (wall clock) time (h:mm:ss or m:ss): 3:00.00
	Average shared text size (kbytes): 0
	Average unshared data size (kbytes): 0
	Average stack size (kbytes): 0
	Average total size (kbytes): 0
	Maximum resident set size (kbytes): 1588896
	Average resident set size (kbytes): 0
	Major (requiring I/O) page faults: 18400
	Minor (reclaiming a frame) page faults: 1307738
	Voluntary context switches: 1643072
	Involuntary context switches: 5129
	Swaps: 0
	File system inputs: 2244892
	File system outputs: 334425
	Socket messages sent: 0
	Socket messages received: 0
	Signals delivered: 0
	Page size (bytes): 4096
	Exit status: 124
