aoc: Environment checks are completed successfully.
aoc: Cached files in /var/tmp/aocl/ may be used to reduce compilation time
aoc: Selected target board s5_ref
aoc: Running OpenCL parser....
/sim/tarsio/aocl-int16-4mul-lane1-20261008-4VZhoo/conv_pipe_int16_4mul.cl:169:42: error: array initializer must be an initializer list
        intvec                data_vec_zero4 = {0};
                                                ^
1 error generated.
Error: OpenCL parser FAILED.
Refer to conv_pipe_int16_4mul/conv_pipe_int16_4mul.log for details.

Command exited with non-zero status 1
	Command being timed: "timeout --signal=TERM --kill-after=10s 180s aoc -v -c -board=s5_ref -I . conv_pipe_int16_4mul.cl"
	User time (seconds): 1.44
	System time (seconds): 0.58
	Percent of CPU this job got: 93%
	Elapsed (wall clock) time (h:mm:ss or m:ss): 0:02.17
	Average shared text size (kbytes): 0
	Average unshared data size (kbytes): 0
	Average stack size (kbytes): 0
	Average total size (kbytes): 0
	Maximum resident set size (kbytes): 200896
	Average resident set size (kbytes): 0
	Major (requiring I/O) page faults: 57
	Minor (reclaiming a frame) page faults: 99479
	Voluntary context switches: 225
	Involuntary context switches: 47
	Swaps: 0
	File system inputs: 352092
	File system outputs: 335016
	Socket messages sent: 0
	Socket messages received: 0
	Signals delivered: 0
	Page size (bytes): 4096
	Exit status: 1
