
****** Vitis HLS - High-Level Synthesis from C, C++ and OpenCL v2024.2 (64-bit)
  **** SW Build 5238294 on Nov  8 2024
  **** IP Build 5239520 on Sun Nov 10 16:12:51 MST 2024
  **** SharedData Build 5239561 on Fri Nov 08 14:39:27 MST 2024
  **** Start of session at: Thu Oct  8 14:06:55 2026
    ** Copyright 1986-2022 Xilinx, Inc. All Rights Reserved.
    ** Copyright 2022-2024 Advanced Micro Devices, Inc. All Rights Reserved.

source /soft64/xilinx/ferramentas/Vitis/2024.2/scripts/vitis_hls/hls.tcl -notrace
INFO: [HLS 200-10] For user 'tarsio.onofrio' on host 'paxos.inf.pucrs.br' (Linux_x86_64 version 4.18.0-553.155.1.el8_10.x86_64) on Thu Oct 08 14:06:57 -03 2026
INFO: [HLS 200-10] On os "Rocky Linux release 8.10 (Green Obsidian)"
INFO: [HLS 200-10] In directory '/sim/tarsio/pocl_hls_rtl/vitis-cosim-smoke-20261008-run1'
WARNING: [HLS 200-2053] The vitis_hls executable is deprecated. Consider using vitis-run --mode hls --tcl
Sourcing Tcl script '/sim/tarsio/PipeCNN_Winograd/project/device/experiments/pocl_hls/smoke/vitis_cosim.tcl'
INFO: [HLS 200-1510] Running: open_project /sim/tarsio/pocl_hls_rtl/vitis-cosim-smoke-20261008-run1/vitis_cosim_project 
INFO: [HLS 200-10] Creating and opening project '/sim/tarsio/pocl_hls_rtl/vitis-cosim-smoke-20261008-run1/vitis_cosim_project'.
INFO: [HLS 200-1510] Running: set_top pocl_mlir_command_buffer 
INFO: [HLS 200-1510] Running: add_files /sim/tarsio/PipeCNN_Winograd/project/device/experiments/pocl_hls/smoke/generated-rtl/parallel_hls.cpp 
INFO: [HLS 200-10] Adding design file '/sim/tarsio/PipeCNN_Winograd/project/device/experiments/pocl_hls/smoke/generated-rtl/parallel_hls.cpp' to the project
INFO: [HLS 200-1510] Running: add_files -tb /sim/tarsio/PipeCNN_Winograd/project/device/experiments/pocl_hls/smoke/pocl_hls_smoke_tb.cpp 
INFO: [HLS 200-10] Adding test bench file '/sim/tarsio/PipeCNN_Winograd/project/device/experiments/pocl_hls/smoke/pocl_hls_smoke_tb.cpp' to the project
INFO: [HLS 200-1510] Running: open_solution -flow_target vivado solution1 
INFO: [HLS 200-10] Creating and opening solution '/sim/tarsio/pocl_hls_rtl/vitis-cosim-smoke-20261008-run1/vitis_cosim_project/solution1'.
INFO: [HLS 200-1505] Using flow_target 'vivado'
Resolution: For help on HLS 200-1505 see docs.xilinx.com/access/sources/dita/topic?Doc_Version=2024.2%20English&url=ug1448-hls-guidance&resourceid=200-1505.html
INFO: [HLS 200-1510] Running: set_part xc7z020clg400-1 
INFO: [HLS 200-1611] Setting target device to 'xc7z020-clg400-1'
INFO: [HLS 200-1510] Running: create_clock -period 4 -name default 
INFO: [SYN 201-201] Setting up clock 'default' with a period of 4ns.
INFO: [HLS 200-1510] Running: csim_design 
INFO: [SIM 211-2] *************** CSIM start ***************
INFO: [SIM 211-4] CSIM will launch CLANG as the compiler.
INFO: [HLS 200-2036] Building debug C Simulation binaries
   Compiling ../../../../../../PipeCNN_Winograd/project/device/experiments/pocl_hls/smoke/pocl_hls_smoke_tb.cpp in debug mode
   Compiling ../../../../../../PipeCNN_Winograd/project/device/experiments/pocl_hls/smoke/generated-rtl/parallel_hls.cpp in debug mode
   Generating csim.exe
PASS: out[0..3] = {90, 93, 96, 99}
INFO: [SIM 211-1] CSim done with 0 errors.
INFO: [SIM 211-3] *************** CSIM finish ***************
INFO: [HLS 200-2161] Finished Command csim_design Elapsed time: 00:00:17; Allocated memory: 0.141 MB.
INFO: [HLS 200-1510] Running: csynth_design 
INFO: [HLS 200-111] Finished File checks and directory preparation: CPU user time: 0.07 seconds. CPU system time: 0.01 seconds. Elapsed time: 0.07 seconds; current allocated memory: 641.492 MB.
INFO: [HLS 200-10] Analyzing design file '/sim/tarsio/PipeCNN_Winograd/project/device/experiments/pocl_hls/smoke/generated-rtl/parallel_hls.cpp' ... 
INFO: [HLS 200-111] Finished Source Code Analysis and Preprocessing: CPU user time: 18.31 seconds. CPU system time: 1.25 seconds. Elapsed time: 19.62 seconds; current allocated memory: 647.852 MB.
INFO: [HLS 200-777] Using interface defaults for 'Vivado' flow target.
INFO: [HLS 200-1995] There were 391 instructions in the design after the 'Compile/Link' phase of compilation. See the Design Size Report for more details: /sim/tarsio/pocl_hls_rtl/vitis-cosim-smoke-20261008-run1/vitis_cosim_project/solution1/syn/report/csynth_design_size.rpt
INFO: [HLS 200-1995] There were 15 instructions in the design after the 'Unroll/Inline (step 1)' phase of compilation. See the Design Size Report for more details: /sim/tarsio/pocl_hls_rtl/vitis-cosim-smoke-20261008-run1/vitis_cosim_project/solution1/syn/report/csynth_design_size.rpt
INFO: [HLS 200-1995] There were 13 instructions in the design after the 'Unroll/Inline (step 2)' phase of compilation. See the Design Size Report for more details: /sim/tarsio/pocl_hls_rtl/vitis-cosim-smoke-20261008-run1/vitis_cosim_project/solution1/syn/report/csynth_design_size.rpt
INFO: [HLS 200-1995] There were 14 instructions in the design after the 'Unroll/Inline (step 3)' phase of compilation. See the Design Size Report for more details: /sim/tarsio/pocl_hls_rtl/vitis-cosim-smoke-20261008-run1/vitis_cosim_project/solution1/syn/report/csynth_design_size.rpt
INFO: [HLS 200-1995] There were 14 instructions in the design after the 'Unroll/Inline (step 4)' phase of compilation. See the Design Size Report for more details: /sim/tarsio/pocl_hls_rtl/vitis-cosim-smoke-20261008-run1/vitis_cosim_project/solution1/syn/report/csynth_design_size.rpt
INFO: [HLS 200-1995] There were 15 instructions in the design after the 'Array/Struct (step 1)' phase of compilation. See the Design Size Report for more details: /sim/tarsio/pocl_hls_rtl/vitis-cosim-smoke-20261008-run1/vitis_cosim_project/solution1/syn/report/csynth_design_size.rpt
INFO: [HLS 200-1995] There were 15 instructions in the design after the 'Array/Struct (step 2)' phase of compilation. See the Design Size Report for more details: /sim/tarsio/pocl_hls_rtl/vitis-cosim-smoke-20261008-run1/vitis_cosim_project/solution1/syn/report/csynth_design_size.rpt
INFO: [HLS 200-1995] There were 15 instructions in the design after the 'Array/Struct (step 3)' phase of compilation. See the Design Size Report for more details: /sim/tarsio/pocl_hls_rtl/vitis-cosim-smoke-20261008-run1/vitis_cosim_project/solution1/syn/report/csynth_design_size.rpt
INFO: [HLS 200-1995] There were 15 instructions in the design after the 'Array/Struct (step 4)' phase of compilation. See the Design Size Report for more details: /sim/tarsio/pocl_hls_rtl/vitis-cosim-smoke-20261008-run1/vitis_cosim_project/solution1/syn/report/csynth_design_size.rpt
INFO: [HLS 200-1995] There were 17 instructions in the design after the 'Array/Struct (step 5)' phase of compilation. See the Design Size Report for more details: /sim/tarsio/pocl_hls_rtl/vitis-cosim-smoke-20261008-run1/vitis_cosim_project/solution1/syn/report/csynth_design_size.rpt
INFO: [HLS 200-1995] There were 16 instructions in the design after the 'Performance (step 1)' phase of compilation. See the Design Size Report for more details: /sim/tarsio/pocl_hls_rtl/vitis-cosim-smoke-20261008-run1/vitis_cosim_project/solution1/syn/report/csynth_design_size.rpt
INFO: [HLS 200-1995] There were 16 instructions in the design after the 'Performance (step 2)' phase of compilation. See the Design Size Report for more details: /sim/tarsio/pocl_hls_rtl/vitis-cosim-smoke-20261008-run1/vitis_cosim_project/solution1/syn/report/csynth_design_size.rpt
INFO: [HLS 200-1995] There were 16 instructions in the design after the 'Performance (step 3)' phase of compilation. See the Design Size Report for more details: /sim/tarsio/pocl_hls_rtl/vitis-cosim-smoke-20261008-run1/vitis_cosim_project/solution1/syn/report/csynth_design_size.rpt
INFO: [HLS 200-1995] There were 16 instructions in the design after the 'Performance (step 4)' phase of compilation. See the Design Size Report for more details: /sim/tarsio/pocl_hls_rtl/vitis-cosim-smoke-20261008-run1/vitis_cosim_project/solution1/syn/report/csynth_design_size.rpt
INFO: [HLS 200-1995] There were 19 instructions in the design after the 'HW Transforms (step 1)' phase of compilation. See the Design Size Report for more details: /sim/tarsio/pocl_hls_rtl/vitis-cosim-smoke-20261008-run1/vitis_cosim_project/solution1/syn/report/csynth_design_size.rpt
INFO: [HLS 200-1995] There were 24 instructions in the design after the 'HW Transforms (step 2)' phase of compilation. See the Design Size Report for more details: /sim/tarsio/pocl_hls_rtl/vitis-cosim-smoke-20261008-run1/vitis_cosim_project/solution1/syn/report/csynth_design_size.rpt
INFO: [HLS 214-376] automatically set the pipeline for Loop< VITIS_LOOP_28_1> at /sim/tarsio/PipeCNN_Winograd/project/device/experiments/pocl_hls/smoke/generated-rtl/parallel_hls.cpp:28:19 
INFO: [HLS 214-115] Multiple burst writes of length 4 and bit width 32 in loop 'VITIS_LOOP_28_1'(/sim/tarsio/PipeCNN_Winograd/project/device/experiments/pocl_hls/smoke/generated-rtl/parallel_hls.cpp:28:19) has been inferred on bundle 'axi_0'. These burst requests might be further partitioned into multiple requests during RTL generation, based on max_read_burst_length or max_write_burst_length settings. (/sim/tarsio/PipeCNN_Winograd/project/device/experiments/pocl_hls/smoke/generated-rtl/parallel_hls.cpp:28:19)
INFO: [HLS 200-111] Finished Compiling Optimization and Transform: CPU user time: 2.41 seconds. CPU system time: 0.5 seconds. Elapsed time: 7.49 seconds; current allocated memory: 656.754 MB.
INFO: [HLS 200-111] Finished Checking Pragmas: CPU user time: 0 seconds. CPU system time: 0 seconds. Elapsed time: 0 seconds; current allocated memory: 656.754 MB.
INFO: [HLS 200-10] Starting code transformations ...
INFO: [HLS 200-111] Finished Standard Transforms: CPU user time: 0.01 seconds. CPU system time: 0 seconds. Elapsed time: 0.01 seconds; current allocated memory: 656.754 MB.
INFO: [HLS 200-10] Checking synthesizability ...
INFO: [HLS 200-111] Finished Checking Synthesizability: CPU user time: 0.01 seconds. CPU system time: 0 seconds. Elapsed time: 0.01 seconds; current allocated memory: 656.754 MB.
INFO: [HLS 200-111] Finished Loop, function and other optimizations: CPU user time: 0.01 seconds. CPU system time: 0 seconds. Elapsed time: 0.02 seconds; current allocated memory: 678.031 MB.
INFO: [HLS 200-111] Finished Architecture Synthesis: CPU user time: 0.02 seconds. CPU system time: 0.01 seconds. Elapsed time: 0.02 seconds; current allocated memory: 678.031 MB.
INFO: [HLS 200-10] Starting hardware synthesis ...
INFO: [HLS 200-10] Synthesizing 'pocl_mlir_command_buffer' ...
INFO: [HLS 200-10] ----------------------------------------------------------------
INFO: [HLS 200-42] -- Implementing module 'pocl_mlir_command_buffer' 
INFO: [HLS 200-10] ----------------------------------------------------------------
INFO: [SCHED 204-11] Starting scheduling ...
INFO: [SCHED 204-61] Pipelining loop 'VITIS_LOOP_28_1'.
WARNING: [HLS 200-878] Unable to schedule the loop exit test ('icmp' operation 1 bit ('icmp_ln28', /sim/tarsio/PipeCNN_Winograd/project/device/experiments/pocl_hls/smoke/generated-rtl/parallel_hls.cpp:28)) in the first pipeline iteration (II = 1 cycles).
Resolution: For help on HLS 200-878 see docs.xilinx.com/access/sources/dita/topic?Doc_Version=2024.2%20English&url=ug1448-hls-guidance&resourceid=200-878.html
WARNING: [HLS 200-880] The II Violation in module 'pocl_mlir_command_buffer' (loop 'VITIS_LOOP_28_1'): Unable to enforce a carried dependence constraint (II = 1, distance = 1, offset = 1) between 'store' operation 0 bit ('v31_write_ln28', /sim/tarsio/PipeCNN_Winograd/project/device/experiments/pocl_hls/smoke/generated-rtl/parallel_hls.cpp:28) of variable 'v2', /sim/tarsio/PipeCNN_Winograd/project/device/experiments/pocl_hls/smoke/generated-rtl/parallel_hls.cpp:28 on local variable 'v31' and 'add' operation 2 bit ('v2', /sim/tarsio/PipeCNN_Winograd/project/device/experiments/pocl_hls/smoke/generated-rtl/parallel_hls.cpp:28).
Resolution: For help on HLS 200-880 see docs.xilinx.com/access/sources/dita/topic?Doc_Version=2024.2%20English&url=ug1448-hls-guidance&resourceid=200-880.html
INFO: [HLS 200-1470] Pipelining result : Target II = NA, Final II = 2, Depth = 9, loop 'VITIS_LOOP_28_1'
INFO: [SCHED 204-11] Finished scheduling.
INFO: [HLS 200-111] Finished Scheduling: CPU user time: 0.03 seconds. CPU system time: 0.02 seconds. Elapsed time: 0.05 seconds; current allocated memory: 678.031 MB.
INFO: [BIND 205-100] Starting micro-architecture generation ...
INFO: [BIND 205-101] Performing variable lifetime analysis.
INFO: [BIND 205-101] Exploring resource sharing.
INFO: [BIND 205-101] Binding ...
INFO: [BIND 205-100] Finished micro-architecture generation.
INFO: [HLS 200-111] Finished Binding: CPU user time: 0.02 seconds. CPU system time: 0 seconds. Elapsed time: 0.02 seconds; current allocated memory: 678.031 MB.
INFO: [HLS 200-10] ----------------------------------------------------------------
INFO: [HLS 200-10] -- Generating RTL for module 'pocl_mlir_command_buffer' 
INFO: [HLS 200-10] ----------------------------------------------------------------
WARNING: [RTGEN 206-101] Design contains AXI ports. Reset is fixed to synchronous and active low.
INFO: [RTGEN 206-500] Setting interface mode on port 'pocl_mlir_command_buffer/axi_0' to 'm_axi'.
INFO: [RTGEN 206-500] Setting interface mode on port 'pocl_mlir_command_buffer/v0' to 's_axilite & ap_none'.
INFO: [RTGEN 206-500] Setting interface mode on function 'pocl_mlir_command_buffer' to 's_axilite & ap_ctrl_hs'.
INFO: [HLS 200-1030] Apply Unified Pipeline Control on module 'pocl_mlir_command_buffer' pipeline 'VITIS_LOOP_28_1' pipeline type 'loop pipeline'
INFO: [RTGEN 206-100] Bundling port 'v0' and 'return' to AXI-Lite port control.
INFO: [RTGEN 206-100] Finished creating RTL model for 'pocl_mlir_command_buffer'.
INFO: [HLS 200-111] Finished Creating RTL model: CPU user time: 0.03 seconds. CPU system time: 0 seconds. Elapsed time: 0.03 seconds; current allocated memory: 678.031 MB.
INFO: [HLS 200-111] Finished Generating all RTL models: CPU user time: 0.2 seconds. CPU system time: 0.01 seconds. Elapsed time: 0.22 seconds; current allocated memory: 678.031 MB.
INFO: [HLS 200-1603] Design has inferred MAXI bursts and missed bursts, see Vitis HLS GUI synthesis summary report for detailed information.
INFO: [HLS 200-111] Finished Updating report files: CPU user time: 0.33 seconds. CPU system time: 0.02 seconds. Elapsed time: 0.36 seconds; current allocated memory: 678.031 MB.
INFO: [VHDL 208-304] Generating VHDL RTL for pocl_mlir_command_buffer.
INFO: [VLOG 209-307] Generating Verilog RTL for pocl_mlir_command_buffer.
INFO: [HLS 200-790] **** Loop Constraint Status: All loop constraints were NOT satisfied.
INFO: [HLS 200-789] **** Estimated Fmax: 342.47 MHz
INFO: [HLS 200-2161] Finished Command csynth_design Elapsed time: 00:00:27; Allocated memory: 36.941 MB.
INFO: [HLS 200-1510] Running: cosim_design -rtl verilog 
WARNING: [HLS 200-626] This design is unable to schedule all read ports in the first II cycle. The RTL testbench may treat the design as non-pipelined
INFO: [COSIM 212-47] Using XSIM for RTL simulation.
INFO: [COSIM 212-14] Instrumenting C test bench ...
   Build using "/soft64/xilinx/ferramentas/Vitis/2024.2/vcxx/libexec/clang++"
   Compiling parallel_hls.cpp_pre.cpp.tb.cpp
   Compiling apatb_pocl_mlir_command_buffer.cpp
   Compiling pocl_hls_smoke_tb.cpp_pre.cpp.tb.cpp
   Compiling apatb_pocl_mlir_command_buffer_ir.ll
   Generating cosim.tv.exe
INFO: [COSIM 212-302] Starting C TB testing ... 
PASS: out[0..3] = {90, 93, 96, 99}
INFO: [COSIM 212-333] Generating C post check test bench ...
INFO: [COSIM 212-12] Generating RTL test bench ...
INFO: [COSIM 212-1] *** C/RTL co-simulation file generation completed. ***
INFO: [COSIM 212-323] Starting verilog simulation. 
INFO: [COSIM 212-15] Starting XSIM ...
Vivado Simulator v2024.2.0
Copyright 1986-2022 Xilinx, Inc. All Rights Reserved.
Copyright 2022-2024 Advanced Micro Devices, Inc. All Rights Reserved.
Running: /soft64/xilinx/ferramentas/Vivado/2024.2/bin/unwrapped/lnx64.o/xelab xil_defaultlib.apatb_pocl_mlir_command_buffer_top glbl -Oenable_linking_all_libraries -prj pocl_mlir_command_buffer.prj -L smartconnect_v1_0 -L axi_protocol_checker_v1_1_12 -L axi_protocol_checker_v1_1_13 -L axis_protocol_checker_v1_1_11 -L axis_protocol_checker_v1_1_12 -L xil_defaultlib -L unisims_ver -L xpm -L floating_point_v7_0_24 -L floating_point_v7_1_19 --lib ieee_proposed=./ieee_proposed -s pocl_mlir_command_buffer 
Multi-threading is on. Using 26 slave threads.
INFO: [VRFC 10-2263] Analyzing SystemVerilog file "/sim/tarsio/pocl_hls_rtl/vitis-cosim-smoke-20261008-run1/vitis_cosim_project/solution1/sim/verilog/glbl.v" into library work
INFO: [VRFC 10-311] analyzing module glbl
INFO: [VRFC 10-2263] Analyzing SystemVerilog file "/sim/tarsio/pocl_hls_rtl/vitis-cosim-smoke-20261008-run1/vitis_cosim_project/solution1/sim/verilog/pocl_mlir_command_buffer_flow_control_loop_delay_pipe.v" into library xil_defaultlib
INFO: [VRFC 10-311] analyzing module pocl_mlir_command_buffer_flow_control_loop_delay_pipe
INFO: [VRFC 10-2263] Analyzing SystemVerilog file "/sim/tarsio/pocl_hls_rtl/vitis-cosim-smoke-20261008-run1/vitis_cosim_project/solution1/sim/verilog/pocl_mlir_command_buffer.v" into library xil_defaultlib
INFO: [VRFC 10-311] analyzing module pocl_mlir_command_buffer
INFO: [VRFC 10-2263] Analyzing SystemVerilog file "/sim/tarsio/pocl_hls_rtl/vitis-cosim-smoke-20261008-run1/vitis_cosim_project/solution1/sim/verilog/pocl_mlir_command_buffer_axi_0_m_axi.v" into library xil_defaultlib
INFO: [VRFC 10-311] analyzing module pocl_mlir_command_buffer_axi_0_m_axi
INFO: [VRFC 10-311] analyzing module pocl_mlir_command_buffer_axi_0_m_axi_load
INFO: [VRFC 10-311] analyzing module pocl_mlir_command_buffer_axi_0_m_axi_store
INFO: [VRFC 10-311] analyzing module pocl_mlir_command_buffer_axi_0_m_axi_read
INFO: [VRFC 10-311] analyzing module pocl_mlir_command_buffer_axi_0_m_axi_write
INFO: [VRFC 10-311] analyzing module pocl_mlir_command_buffer_axi_0_m_axi_burst_converter
INFO: [VRFC 10-311] analyzing module pocl_mlir_command_buffer_axi_0_m_axi_throttle
INFO: [VRFC 10-311] analyzing module pocl_mlir_command_buffer_axi_0_m_axi_reg_slice
INFO: [VRFC 10-311] analyzing module pocl_mlir_command_buffer_axi_0_m_axi_fifo
INFO: [VRFC 10-311] analyzing module pocl_mlir_command_buffer_axi_0_m_axi_srl
INFO: [VRFC 10-311] analyzing module pocl_mlir_command_buffer_axi_0_m_axi_mem
INFO: [VRFC 10-2263] Analyzing SystemVerilog file "/sim/tarsio/pocl_hls_rtl/vitis-cosim-smoke-20261008-run1/vitis_cosim_project/solution1/sim/verilog/pocl_mlir_command_buffer.autotb.v" into library xil_defaultlib
INFO: [VRFC 10-311] analyzing module apatb_pocl_mlir_command_buffer_top
INFO: [VRFC 10-2263] Analyzing SystemVerilog file "/sim/tarsio/pocl_hls_rtl/vitis-cosim-smoke-20261008-run1/vitis_cosim_project/solution1/sim/verilog/AESL_axi_master_axi_0.v" into library xil_defaultlib
INFO: [VRFC 10-311] analyzing module AESL_axi_master_axi_0
INFO: [VRFC 10-2263] Analyzing SystemVerilog file "/sim/tarsio/pocl_hls_rtl/vitis-cosim-smoke-20261008-run1/vitis_cosim_project/solution1/sim/verilog/pocl_mlir_command_buffer_control_s_axi.v" into library xil_defaultlib
INFO: [VRFC 10-311] analyzing module pocl_mlir_command_buffer_control_s_axi
INFO: [VRFC 10-2263] Analyzing SystemVerilog file "/sim/tarsio/pocl_hls_rtl/vitis-cosim-smoke-20261008-run1/vitis_cosim_project/solution1/sim/verilog/AESL_axi_slave_control.v" into library xil_defaultlib
INFO: [VRFC 10-311] analyzing module AESL_axi_slave_control
INFO: [VRFC 10-2263] Analyzing SystemVerilog file "/sim/tarsio/pocl_hls_rtl/vitis-cosim-smoke-20261008-run1/vitis_cosim_project/solution1/sim/verilog/dataflow_monitor.sv" into library xil_defaultlib
INFO: [VRFC 10-311] analyzing module dataflow_monitor
Starting static elaboration
Pass Through NonSizing Optimizer
Completed static elaboration
Starting simulation data flow analysis
Completed simulation data flow analysis
Time Resolution for simulation is 1ps
Compiling package xil_defaultlib.$unit_dataflow_monitor_sv
Compiling module xil_defaultlib.pocl_mlir_command_buffer_control...
Compiling module xil_defaultlib.pocl_mlir_command_buffer_axi_0_m...
Compiling module xil_defaultlib.pocl_mlir_command_buffer_axi_0_m...
Compiling module xil_defaultlib.pocl_mlir_command_buffer_axi_0_m...
Compiling module xil_defaultlib.pocl_mlir_command_buffer_axi_0_m...
Compiling module xil_defaultlib.pocl_mlir_command_buffer_axi_0_m...
Compiling module xil_defaultlib.pocl_mlir_command_buffer_axi_0_m...
Compiling module xil_defaultlib.pocl_mlir_command_buffer_axi_0_m...
Compiling module xil_defaultlib.pocl_mlir_command_buffer_axi_0_m...
Compiling module xil_defaultlib.pocl_mlir_command_buffer_axi_0_m...
Compiling module xil_defaultlib.pocl_mlir_command_buffer_axi_0_m...
Compiling module xil_defaultlib.pocl_mlir_command_buffer_axi_0_m...
Compiling module xil_defaultlib.pocl_mlir_command_buffer_axi_0_m...
Compiling module xil_defaultlib.pocl_mlir_command_buffer_axi_0_m...
Compiling module xil_defaultlib.pocl_mlir_command_buffer_axi_0_m...
Compiling module xil_defaultlib.pocl_mlir_command_buffer_axi_0_m...
Compiling module xil_defaultlib.pocl_mlir_command_buffer_axi_0_m...
Compiling module xil_defaultlib.pocl_mlir_command_buffer_axi_0_m...
Compiling module xil_defaultlib.pocl_mlir_command_buffer_axi_0_m...
Compiling module xil_defaultlib.pocl_mlir_command_buffer_axi_0_m...
Compiling module xil_defaultlib.pocl_mlir_command_buffer_axi_0_m...
Compiling module xil_defaultlib.pocl_mlir_command_buffer_axi_0_m...
Compiling module xil_defaultlib.pocl_mlir_command_buffer_axi_0_m...
Compiling module xil_defaultlib.pocl_mlir_command_buffer_flow_co...
Compiling module xil_defaultlib.pocl_mlir_command_buffer
Compiling module xil_defaultlib.AESL_axi_master_axi_0
Compiling module xil_defaultlib.AESL_axi_slave_control
Compiling module xil_defaultlib.nodf_module_intf_default
Compiling module xil_defaultlib.upc_loop_intf_default
Compiling module xil_defaultlib.dataflow_monitor_1
Compiling module xil_defaultlib.apatb_pocl_mlir_command_buffer_t...
Compiling module work.glbl
Built simulation snapshot pocl_mlir_command_buffer

****** xsim v2024.2 (64-bit)
  **** SW Build 5239630 on Fri Nov 08 22:34:34 MST 2024
  **** IP Build 5239520 on Sun Nov 10 16:12:51 MST 2024
  **** SharedData Build 5239561 on Fri Nov 08 14:39:27 MST 2024
  **** Start of session at: Thu Oct  8 14:08:15 2026
    ** Copyright 1986-2022 Xilinx, Inc. All Rights Reserved.
    ** Copyright 2022-2024 Advanced Micro Devices, Inc. All Rights Reserved.

source xsim.dir/pocl_mlir_command_buffer/xsim_script.tcl
# xsim {pocl_mlir_command_buffer} -autoloadwcfg -tclbatch {pocl_mlir_command_buffer.tcl}
Time resolution is 1 ps
source pocl_mlir_command_buffer.tcl
## run all
////////////////////////////////////////////////////////////////////////////////////
// Inter-Transaction Progress: Completed Transaction / Total Transaction
// Intra-Transaction Progress: Measured Latency / Latency Estimation * 100%
//
// RTL Simulation : "Inter-Transaction Progress" ["Intra-Transaction Progress"] @ "Simulation Time"
////////////////////////////////////////////////////////////////////////////////////
// RTL Simulation : 0 / 1 [0.00%] @ "110000"
// RTL Simulation : 1 / 1 [100.00%] @ "342000"
////////////////////////////////////////////////////////////////////////////////////
$finish called at time : 366 ns : File "/sim/tarsio/pocl_hls_rtl/vitis-cosim-smoke-20261008-run1/vitis_cosim_project/solution1/sim/verilog/pocl_mlir_command_buffer.autotb.v" Line 423
## quit
INFO: [Common 17-206] Exiting xsim at Thu Oct  8 14:08:18 2026...
INFO: [COSIM 212-316] Starting C post checking ...
PASS: out[0..3] = {90, 93, 96, 99}
INFO: [COSIM 212-1000] *** C/RTL co-simulation finished: PASS ***
INFO: [COSIM 212-211] II is measurable only when transaction number is greater than 1 in RTL simulation. Otherwise, they will be marked as all NA. If user wants to calculate them, please make sure there are at least 2 transactions in RTL simulation.
INFO: [HLS 200-2161] Finished Command cosim_design Elapsed time: 00:00:34; Allocated memory: 9.691 MB.
INFO: [HLS 200-112] Total CPU user time: 62.27 seconds. Total CPU system time: 8.07 seconds. Total elapsed time: 83.93 seconds; peak allocated memory: 687.723 MB.
