Reading pref.tcl

# 2023.4

# vsim -modelsimini /sim/tarsio/questa2023-hdl-validation-int16-4mul-20261008/libs/modelsim.ini -t 1fs -L work -L altera_mf_ver -L lpm_ver -L altera_lnsim_ver -L sgate_ver -L stratixv_ver -L altera_ver -L altera_mf -L altera_lnsim -L lpm -c work.memRead_function_wrapper -do "run 0 ns; quit -f" 
# Start time: 20:23:11 on Oct 08,2026
# ** Note: (vsim-8009) Loading existing optimized design _opt
# //  Questa Sim-64
# //  Version 2023.4 linux_x86_64 Oct  9 2023
# //
# //  Copyright 1991-2023 Mentor Graphics Corporation
# //  All Rights Reserved.
# //
# //  QuestaSim and its associated documentation contain trade
# //  secrets and commercial or financial information that are the property of
# //  Mentor Graphics Corporation and are privileged, confidential,
# //  and exempt from disclosure under the Freedom of Information Act,
# //  5 U.S.C. Section 552. Furthermore, this information
# //  is prohibited from disclosure under the Trade Secrets Act,
# //  18 U.S.C. Section 1905.
# //
# Loading std.standard
# Loading std.textio(body)
# Loading ieee.std_logic_1164(body)
# Loading ieee.numeric_std(body)
# Loading ieee.math_real(body)
# Loading work.dspba_library_package
# Loading altera_mf.altera_mf_components
# Loading altera_lnsim.altera_lnsim_components
# Loading lpm.lpm_components
# Loading work.memread_function_wrapper(normal)#1
# Loading work.memread_function(normal)#1
# Loading work.bb_memread_b0(normal)#1
# Loading sv_std.std
# Loading work.acl_pop(fast)
# Loading work.acl_valid_fifo_counter(fast)
# Loading work.i_sfc_c0_entry_memread_c0_enter_memread(normal)#1
# Loading work.acl_dspba_buffer(fast)
# Loading work.acl_ffwdsrc(fast)
# Loading work.acl_data_fifo(fast)
# Loading altera_mf_ver.ALTERA_DEVICE_FAMILIES(fast)
# Loading work.acl_full_detector(fast)
# Loading work.acl_push(fast)
# Loading work.acl_data_fifo(fast__1)
# Loading work.bb_memread_b4(normal)#1
# Loading work.bb_memread_b4_stall_region(normal)#1
# Loading work.i_sfc_c0_for_end615_memread_c0_enter1002_memread(normal)#1
# Loading work.acl_push(fast__1)
# Loading work.acl_pop(fast__1)
# Loading work.acl_data_fifo(fast__3)
# Loading work.acl_full_detector(fast__1)
# Loading work.i_sfc_c1_for_end615_memread_c1_enter1014_memread(normal)#1
# Loading work.i_sfc_c2_for_end615_memread_c2_enter1026_memread(normal)#1
# Loading work.i_sfc_c3_for_end615_memread_c3_enter_memread(normal)#1
# Loading work.i_sfc_c4_for_end615_memread_c4_enter_memread(normal)#1
# Loading work.i_sfc_c5_for_end615_memread_c5_enter_memread(normal)#1
# Loading work.bb_memread_b4_sr_0(normal)#1
# Loading work.bb_memread_b3(normal)#1
# Loading work.memread_b3_merge(normal)#1
# Loading work.bb_memread_b3_stall_region(normal)#1
# Loading work.memread_b3_merge_reg(normal)#1
# Loading work.i_sfc_c0_for_body510_memread_c0_enter725_memread(normal)#1
# Loading work.i_sfc_logic_c0_for_body510_memread_c0_enter725_memread1582(normal)#1
# Loading work.dspba_delay(delay)#3
# Loading work.acl_dspba_buffer(fast__1)
# Loading work.i_acl_push_i3_fpgaindvars_iv_push250_memread2390(normal)#1
# Loading work.acl_push(fast__2)
# Loading work.i_acl_pop_i3_fpgaindvars_iv_pop250_memread1994(normal)#1
# Loading work.i_acl_push_i1_notexit32_or465_push467_memread2476(normal)#1
# Loading work.acl_push(fast__3)
# Loading work.i_acl_pop_i1_notexit32_or465_pop467_memread2474(normal)#1
# Loading work.i_acl_push_i1_push466_memread2472(normal)#1
# Loading work.i_acl_pop_i1_pop466_memread2470(normal)#1
# Loading work.i_acl_push_i1_forked_and463_push464_memread2468(normal)#1
# Loading work.i_acl_pop_i1_forked_and463_pop464_memread2466(normal)#1
# Loading work.i_acl_push_i1_cmp1179461_push463_memread2464(normal)#1
# Loading work.i_acl_pop_i1_cmp1179461_pop463_memread2462(normal)#1
# Loading work.i_acl_push_i16_line_buf_ptr_0544_pop17459_push462_memread2460(normal)#1
# Loading work.acl_push(fast__4)
# Loading work.dspba_delay(delay)#4
# Loading work.i_acl_pop_i16_line_buf_ptr_0544_pop17459_pop462_memread2458(normal)#1
# Loading work.acl_pop(fast__2)
# Loading work.i_acl_push_i1_cmp830_not457_push461_memread2456(normal)#1
# Loading work.i_acl_pop_i1_cmp830_not457_pop461_memread2454(normal)#1
# Loading work.i_acl_push_i1_acl_2132455_push460_memread2452(normal)#1
# Loading work.i_acl_pop_i1_acl_2132455_pop460_memread2450(normal)#1
# Loading work.i_acl_push_i1_cmp1043_rm453_push459_memread2448(normal)#1
# Loading work.i_acl_pop_i1_cmp1043_rm453_pop459_memread2446(normal)#1
# Loading work.i_acl_push_i1_cmp830451_push458_memread2444(normal)#1
# Loading work.i_acl_pop_i1_cmp830451_pop458_memread2442(normal)#1
# Loading work.i_acl_push_i1_notexit36449_push457_memread2440(normal)#1
# Loading work.i_acl_pop_i1_notexit36449_pop457_memread2438(normal)#1
# Loading work.i_acl_push_i1_push456_memread2436(normal)#1
# Loading work.i_acl_pop_i1_pop456_memread2434(normal)#1
# Loading work.i_acl_push_i1_tobool_rm255_push359_memread2432(normal)#1
# Loading work.i_acl_pop_i1_tobool_rm255_pop359_memread2430(normal)#1
# Loading work.i_acl_push_i16_acl_1865253_push358_memread2428(normal)#1
# Loading work.i_acl_pop_i16_acl_1865253_pop358_memread2426(normal)#1
# Loading work.i_acl_push_i32_acl_1864251_push357_memread2424(normal)#1
# Loading work.i_acl_pop_i32_acl_1864251_pop357_memread2422(normal)#1
# Loading work.i_acl_push_i32_acl_1863249_push356_memread2420(normal)#1
# Loading work.i_acl_pop_i32_acl_1863249_pop356_memread2418(normal)#1
# Loading work.i_acl_push_i32_acl_1862247_push355_memread2416(normal)#1
# Loading work.i_acl_pop_i32_acl_1862247_pop355_memread2414(normal)#1
# Loading work.i_acl_push_i32_acl_1861245_push354_memread2412(normal)#1
# Loading work.i_acl_pop_i32_acl_1861245_pop354_memread2410(normal)#1
# Loading work.i_acl_push_i32_acl_1860243_push353_memread2408(normal)#1
# Loading work.i_acl_pop_i32_acl_1860243_pop353_memread2406(normal)#1
# Loading work.i_acl_push_i32_acl_1859241_push352_memread2404(normal)#1
# Loading work.i_acl_pop_i32_acl_1859241_pop352_memread2402(normal)#1
# Loading work.i_acl_push_i1_cmp12532_rm47_push255_memread2400(normal)#1
# Loading work.i_acl_pop_i1_cmp12532_rm47_pop255_memread2398(normal)#1
# Loading work.i_acl_push_i1_forked4345_push254_memread2396(normal)#1
# Loading work.i_acl_pop_i1_forked4345_pop254_memread2394(normal)#1
# Loading work.i_acl_push_i16_memcoalesce_null_extrvalue_1273_push268_memread2358(normal)#1
# Loading work.acl_push(fast__5)
# Loading work.i_acl_pop_i16_memcoalesce_null_extrvalue_1273_pop268_memread1844(normal)#1
# Loading work.i_acl_push_i16_memcoalesce_null_extrvalue_25144227_push345_memread2204(normal)#1
# Loading work.i_acl_pop_i16_memcoalesce_null_extrvalue_25144227_pop345_memread1890(normal)#1
# Loading work.i_acl_push_i8_m505_3521_push252_memread2386(normal)#1
# Loading work.i_acl_pop_i8_m505_3521_pop252_memread1600(normal)#1
# Loading work.i_acl_push_i32_conv507522_push251_memread2388(normal)#1
# Loading work.i_acl_pop_i32_conv507522_pop251_memread1698(normal)#1
# Loading work.i_acl_push_i16_memcoalesce_null_extrvalue_1120179_push321_memread2252(normal)#1
# Loading work.i_acl_pop_i16_memcoalesce_null_extrvalue_1120179_pop321_memread1888(normal)#1
# Loading work.i_acl_push_i16_memcoalesce_null_extrvalue_993131_push297_memread2300(normal)#1
# Loading work.i_acl_pop_i16_memcoalesce_null_extrvalue_993131_pop297_memread1886(normal)#1
# Loading work.i_acl_push_i16_memcoalesce_null_extrvalue_1783_push273_memread2348(normal)#1
# Loading work.i_acl_pop_i16_memcoalesce_null_extrvalue_1783_pop273_memread1854(normal)#1
# Loading work.i_acl_push_i8_n499_2523_pop39464_push465_memread1998(normal)#1
# Loading work.i_acl_pop_i8_n499_2523_pop39464_pop465_memread1586(normal)#1
# Loading work.i_acl_push_i16_memcoalesce_null_extrvalue_24143225_push344_memread2206(normal)#1
# Loading work.i_acl_pop_i16_memcoalesce_null_extrvalue_24143225_pop344_memread1884(normal)#1
# Loading work.i_acl_push_i16_memcoalesce_null_load_0117_toi1_extractvalue177_push320_memread2254(normal)#1
# Loading work.i_acl_pop_i16_memcoalesce_null_load_0117_toi1_extractvalue177_pop320_memread1882(normal)#1
# Loading work.i_acl_push_i16_memcoalesce_null_extrvalue_892129_push296_memread2302(normal)#1
# Loading work.i_acl_pop_i16_memcoalesce_null_extrvalue_892129_pop296_memread1880(normal)#1
# Loading work.i_acl_push_i16_memcoalesce_null_extrvalue_1681_push272_memread2350(normal)#1
# Loading work.i_acl_pop_i16_memcoalesce_null_extrvalue_1681_pop272_memread1852(normal)#1
# Loading work.i_acl_push_i16_memcoalesce_null_extrvalue_23142223_push343_memread2208(normal)#1
# Loading work.i_acl_pop_i16_memcoalesce_null_extrvalue_23142223_pop343_memread1878(normal)#1
# Loading work.i_acl_push_i16_memcoalesce_null_extrvalue_31115175_push319_memread2256(normal)#1
# Loading work.i_acl_pop_i16_memcoalesce_null_extrvalue_31115175_pop319_memread1876(normal)#1
# Loading work.i_acl_push_i16_memcoalesce_null_extrvalue_791127_push295_memread2304(normal)#1
# Loading work.i_acl_pop_i16_memcoalesce_null_extrvalue_791127_pop295_memread1874(normal)#1
# Loading work.i_acl_push_i16_memcoalesce_null_extrvalue_1579_push271_memread2352(normal)#1
# Loading work.i_acl_pop_i16_memcoalesce_null_extrvalue_1579_pop271_memread1850(normal)#1
# Loading work.i_acl_push_i16_memcoalesce_null_extrvalue_22141221_push342_memread2210(normal)#1
# Loading work.i_acl_pop_i16_memcoalesce_null_extrvalue_22141221_pop342_memread1872(normal)#1
# Loading work.i_acl_push_i16_memcoalesce_null_extrvalue_30114173_push318_memread2258(normal)#1
# Loading work.i_acl_pop_i16_memcoalesce_null_extrvalue_30114173_pop318_memread1870(normal)#1
# Loading work.i_acl_push_i16_memcoalesce_null_extrvalue_690125_push294_memread2306(normal)#1
# Loading work.i_acl_pop_i16_memcoalesce_null_extrvalue_690125_pop294_memread1868(normal)#1
# Loading work.i_acl_push_i16_memcoalesce_null_extrvalue_1477_push270_memread2354(normal)#1
# Loading work.i_acl_pop_i16_memcoalesce_null_extrvalue_1477_pop270_memread1848(normal)#1
# Loading work.i_acl_push_i16_memcoalesce_null_extrvalue_21140219_push341_memread2212(normal)#1
# Loading work.i_acl_pop_i16_memcoalesce_null_extrvalue_21140219_pop341_memread1866(normal)#1
# Loading work.i_acl_push_i16_memcoalesce_null_extrvalue_29113171_push317_memread2260(normal)#1
# Loading work.i_acl_pop_i16_memcoalesce_null_extrvalue_29113171_pop317_memread1864(normal)#1
# Loading work.i_acl_push_i16_memcoalesce_null_extrvalue_589123_push293_memread2308(normal)#1
# Loading work.i_acl_pop_i16_memcoalesce_null_extrvalue_589123_pop293_memread1862(normal)#1
# Loading work.i_acl_push_i16_memcoalesce_null_extrvalue_1375_push269_memread2356(normal)#1
# Loading work.i_acl_pop_i16_memcoalesce_null_extrvalue_1375_pop269_memread1846(normal)#1
# Loading work.i_acl_push_i16_memcoalesce_null_extrvalue_20139217_push340_memread2214(normal)#1
# Loading work.i_acl_pop_i16_memcoalesce_null_extrvalue_20139217_pop340_memread1860(normal)#1
# Loading work.i_acl_push_i16_memcoalesce_null_extrvalue_28112169_push316_memread2262(normal)#1
# Loading work.i_acl_pop_i16_memcoalesce_null_extrvalue_28112169_pop316_memread1858(normal)#1
# Loading work.i_acl_push_i16_memcoalesce_null_extrvalue_488121_push292_memread2310(normal)#1
# Loading work.i_acl_pop_i16_memcoalesce_null_extrvalue_488121_pop292_memread1856(normal)#1
# Loading work.i_acl_push_i16_add259_2_281_push372_memread2166(normal)#1
# Loading work.i_acl_pop_i16_add259_2_281_pop372_memread1796(normal)#1
# Loading work.i_acl_push_i16_cond_in_5_14435_push449_memread2012(normal)#1
# Loading work.i_acl_pop_i16_cond_in_5_14435_pop449_memread1842(normal)#1
# Loading work.i_acl_push_i16_cond_in_5_10387_push425_memread2060(normal)#1
# Loading work.i_acl_pop_i16_cond_in_5_10387_pop425_memread1840(normal)#1
# Loading work.i_acl_push_i16_cond_in_5_6339_push401_memread2108(normal)#1
# Loading work.i_acl_pop_i16_cond_in_5_6339_pop401_memread1838(normal)#1
# Loading work.i_acl_push_i16_cond_in_5_2291_push377_memread2156(normal)#1
# Loading work.i_acl_pop_i16_cond_in_5_2291_pop377_memread1806(normal)#1
# Loading work.i_acl_push_i16_add412_14_433_push448_memread2014(normal)#1
# Loading work.i_acl_pop_i16_add412_14_433_pop448_memread1836(normal)#1
# Loading work.i_acl_push_i16_add412_10_385_push424_memread2062(normal)#1
# Loading work.i_acl_pop_i16_add412_10_385_pop424_memread1834(normal)#1
# Loading work.i_acl_push_i16_add412_6_337_push400_memread2110(normal)#1
# Loading work.i_acl_pop_i16_add412_6_337_pop400_memread1832(normal)#1
# Loading work.i_acl_push_i16_add412_2_289_push376_memread2158(normal)#1
# Loading work.i_acl_pop_i16_add412_2_289_pop376_memread1804(normal)#1
# Loading work.i_acl_push_i16_cond_in_3_14431_push447_memread2016(normal)#1
# Loading work.i_acl_pop_i16_cond_in_3_14431_pop447_memread1830(normal)#1
# Loading work.i_acl_push_i16_cond_in_3_10383_push423_memread2064(normal)#1
# Loading work.i_acl_pop_i16_cond_in_3_10383_pop423_memread1828(normal)#1
# Loading work.i_acl_push_i16_cond_in_3_6335_push399_memread2112(normal)#1
# Loading work.i_acl_pop_i16_cond_in_3_6335_pop399_memread1826(normal)#1
# Loading work.i_acl_push_i16_cond_in_3_2287_push375_memread2160(normal)#1
# Loading work.i_acl_pop_i16_cond_in_3_2287_pop375_memread1802(normal)#1
# Loading work.i_acl_push_i16_add335_14_429_push446_memread2018(normal)#1
# Loading work.i_acl_pop_i16_add335_14_429_pop446_memread1824(normal)#1
# Loading work.i_acl_push_i16_add335_10_381_push422_memread2066(normal)#1
# Loading work.i_acl_pop_i16_add335_10_381_pop422_memread1822(normal)#1
# Loading work.i_acl_push_i16_add335_6_333_push398_memread2114(normal)#1
# Loading work.i_acl_pop_i16_add335_6_333_pop398_memread1820(normal)#1
# Loading work.i_acl_push_i16_add335_2_285_push374_memread2162(normal)#1
# Loading work.i_acl_pop_i16_add335_2_285_pop374_memread1800(normal)#1
# Loading work.i_acl_push_i16_cond_in_1_14427_push445_memread2020(normal)#1
# Loading work.i_acl_pop_i16_cond_in_1_14427_pop445_memread1818(normal)#1
# Loading work.i_acl_push_i16_cond_in_1_10379_push421_memread2068(normal)#1
# Loading work.i_acl_pop_i16_cond_in_1_10379_pop421_memread1816(normal)#1
# Loading work.i_acl_push_i16_cond_in_1_6331_push397_memread2116(normal)#1
# Loading work.i_acl_pop_i16_cond_in_1_6331_pop397_memread1814(normal)#1
# Loading work.i_acl_push_i16_cond_in_1_2283_push373_memread2164(normal)#1
# Loading work.i_acl_pop_i16_cond_in_1_2283_pop373_memread1798(normal)#1
# Loading work.i_acl_push_i16_add259_14_425_push444_memread2022(normal)#1
# Loading work.i_acl_pop_i16_add259_14_425_pop444_memread1812(normal)#1
# Loading work.i_acl_push_i16_add259_10_377_push420_memread2070(normal)#1
# Loading work.i_acl_pop_i16_add259_10_377_pop420_memread1810(normal)#1
# Loading work.i_acl_push_i16_add259_6_329_push396_memread2118(normal)#1
# Loading work.i_acl_pop_i16_add259_6_329_pop396_memread1808(normal)#1
# Loading work.i_acl_push_i16_memcoalesce_null_extrvalue_1885_push274_memread2346(normal)#1
# Loading work.i_acl_pop_i16_memcoalesce_null_extrvalue_1885_pop274_memread1940(normal)#1
# Loading work.i_acl_push_i16_memcoalesce_null_extrvalue_31150239_push351_memread2192(normal)#1
# Loading work.i_acl_pop_i16_memcoalesce_null_extrvalue_31150239_pop351_memread1986(normal)#1
# Loading work.i_acl_push_i16_memcoalesce_null_extrvalue_7126191_push327_memread2240(normal)#1
# Loading work.i_acl_pop_i16_memcoalesce_null_extrvalue_7126191_pop327_memread1984(normal)#1
# Loading work.i_acl_push_i16_memcoalesce_null_extrvalue_1599143_push303_memread2288(normal)#1
# Loading work.i_acl_pop_i16_memcoalesce_null_extrvalue_1599143_pop303_memread1982(normal)#1
# Loading work.i_acl_push_i16_memcoalesce_null_extrvalue_2395_push279_memread2336(normal)#1
# Loading work.i_acl_pop_i16_memcoalesce_null_extrvalue_2395_pop279_memread1950(normal)#1
# Loading work.i_acl_push_i16_memcoalesce_null_extrvalue_30149237_push350_memread2194(normal)#1
# Loading work.i_acl_pop_i16_memcoalesce_null_extrvalue_30149237_pop350_memread1980(normal)#1
# Loading work.i_acl_push_i16_memcoalesce_null_extrvalue_6125189_push326_memread2242(normal)#1
# Loading work.i_acl_pop_i16_memcoalesce_null_extrvalue_6125189_pop326_memread1978(normal)#1
# Loading work.i_acl_push_i16_memcoalesce_null_extrvalue_1498141_push302_memread2290(normal)#1
# Loading work.i_acl_pop_i16_memcoalesce_null_extrvalue_1498141_pop302_memread1976(normal)#1
# Loading work.i_acl_push_i16_memcoalesce_null_extrvalue_2293_push278_memread2338(normal)#1
# Loading work.i_acl_pop_i16_memcoalesce_null_extrvalue_2293_pop278_memread1948(normal)#1
# Loading work.i_acl_push_i16_memcoalesce_null_extrvalue_29148235_push349_memread2196(normal)#1
# Loading work.i_acl_pop_i16_memcoalesce_null_extrvalue_29148235_pop349_memread1974(normal)#1
# Loading work.i_acl_push_i16_memcoalesce_null_extrvalue_5124187_push325_memread2244(normal)#1
# Loading work.i_acl_pop_i16_memcoalesce_null_extrvalue_5124187_pop325_memread1972(normal)#1
# Loading work.i_acl_push_i16_memcoalesce_null_extrvalue_1397139_push301_memread2292(normal)#1
# Loading work.i_acl_pop_i16_memcoalesce_null_extrvalue_1397139_pop301_memread1970(normal)#1
# Loading work.i_acl_push_i16_memcoalesce_null_extrvalue_2191_push277_memread2340(normal)#1
# Loading work.i_acl_pop_i16_memcoalesce_null_extrvalue_2191_pop277_memread1946(normal)#1
# Loading work.i_acl_push_i16_memcoalesce_null_extrvalue_28147233_push348_memread2198(normal)#1
# Loading work.i_acl_pop_i16_memcoalesce_null_extrvalue_28147233_pop348_memread1968(normal)#1
# Loading work.i_acl_push_i16_memcoalesce_null_extrvalue_4123185_push324_memread2246(normal)#1
# Loading work.i_acl_pop_i16_memcoalesce_null_extrvalue_4123185_pop324_memread1966(normal)#1
# Loading work.i_acl_push_i16_memcoalesce_null_extrvalue_1296137_push300_memread2294(normal)#1
# Loading work.i_acl_pop_i16_memcoalesce_null_extrvalue_1296137_pop300_memread1964(normal)#1
# Loading work.i_acl_push_i16_memcoalesce_null_extrvalue_2089_push276_memread2342(normal)#1
# Loading work.i_acl_pop_i16_memcoalesce_null_extrvalue_2089_pop276_memread1944(normal)#1
# Loading work.i_acl_push_i16_memcoalesce_null_extrvalue_27146231_push347_memread2200(normal)#1
# Loading work.i_acl_pop_i16_memcoalesce_null_extrvalue_27146231_pop347_memread1962(normal)#1
# Loading work.i_acl_push_i16_memcoalesce_null_extrvalue_3122183_push323_memread2248(normal)#1
# Loading work.i_acl_push_i16_memcoalesce_null_extrvalue_1195135_push299_memread2296(normal)#1
# Loading work.i_acl_push_i16_memcoalesce_null_extrvalue_1987_push275_memread2344(normal)#1
# Loading work.i_acl_push_i16_memcoalesce_null_extrvalue_26145229_push346_memread2202(normal)#1
# Loading work.i_acl_push_i16_memcoalesce_null_extrvalue_2121181_push322_memread2250(normal)#1
# Loading work.i_acl_push_i16_memcoalesce_null_extrvalue_1094133_push298_memread2298(normal)#1
# Loading work.i_acl_push_i16_add259_3_293_push378_memread2154(normal)#1
# Loading work.i_acl_push_i16_cond_in_5_15447_push455_memread2000(normal)#1
# Loading work.i_acl_push_i16_cond_in_5_11399_push431_memread2048(normal)#1
# Loading work.i_acl_push_i16_cond_in_5_7351_push407_memread2096(normal)#1
# Loading work.i_acl_push_i16_cond_in_5_3303_push383_memread2144(normal)#1
# Loading work.i_acl_push_i16_add412_15_445_push454_memread2002(normal)#1
# Loading work.i_acl_push_i16_add412_11_397_push430_memread2050(normal)#1
# Loading work.i_acl_push_i16_add412_7_349_push406_memread2098(normal)#1
# Loading work.i_acl_push_i16_add412_3_301_push382_memread2146(normal)#1
# Loading work.i_acl_push_i16_cond_in_3_15443_push453_memread2004(normal)#1
# Loading work.i_acl_push_i16_cond_in_3_11395_push429_memread2052(normal)#1
# Loading work.i_acl_push_i16_cond_in_3_7347_push405_memread2100(normal)#1
# Loading work.i_acl_push_i16_cond_in_3_3299_push381_memread2148(normal)#1
# Loading work.i_acl_push_i16_add335_15_441_push452_memread2006(normal)#1
# Loading work.i_acl_push_i16_add335_11_393_push428_memread2054(normal)#1
# Loading work.i_acl_push_i16_add335_7_345_push404_memread2102(normal)#1
# Loading work.i_acl_push_i16_add335_3_297_push380_memread2150(normal)#1
# Loading work.i_acl_push_i16_cond_in_1_15439_push451_memread2008(normal)#1
# Loading work.i_acl_push_i16_cond_in_1_11391_push427_memread2056(normal)#1
# Loading work.i_acl_push_i16_cond_in_1_7343_push403_memread2104(normal)#1
# Loading work.i_acl_push_i16_cond_in_1_3295_push379_memread2152(normal)#1
# Loading work.i_acl_push_i16_add259_15_437_push450_memread2010(normal)#1
# Loading work.i_acl_push_i16_add259_11_389_push426_memread2058(normal)#1
# Loading work.i_acl_push_i16_add259_7_341_push402_memread2106(normal)#1
# Loading work.i_acl_push_i16_memcoalesce_null_load_0_toi1_extractvalue49_push256_memread2382(normal)#1
# Loading work.i_acl_push_i16_memcoalesce_null_extrvalue_13132203_push333_memread2228(normal)#1
# Loading work.i_acl_push_i16_memcoalesce_null_extrvalue_21105155_push309_memread2276(normal)#1
# Loading work.i_acl_push_i16_memcoalesce_null_extrvalue_29107_push285_memread2324(normal)#1
# Loading work.i_acl_push_i16_memcoalesce_null_extrvalue_559_push261_memread2372(normal)#1
# Loading work.i_acl_push_i16_memcoalesce_null_extrvalue_12131201_push332_memread2230(normal)#1
# Loading work.i_acl_push_i16_memcoalesce_null_extrvalue_20104153_push308_memread2278(normal)#1
# Loading work.i_acl_push_i16_memcoalesce_null_extrvalue_28105_push284_memread2326(normal)#1
# Loading work.i_acl_push_i16_memcoalesce_null_extrvalue_457_push260_memread2374(normal)#1
# Loading work.i_acl_push_i16_memcoalesce_null_extrvalue_11130199_push331_memread2232(normal)#1
# Loading work.i_acl_push_i16_memcoalesce_null_extrvalue_19103151_push307_memread2280(normal)#1
# Loading work.i_acl_push_i16_memcoalesce_null_extrvalue_27103_push283_memread2328(normal)#1
# Loading work.i_acl_push_i16_memcoalesce_null_extrvalue_355_push259_memread2376(normal)#1
# Loading work.i_acl_push_i16_memcoalesce_null_extrvalue_10129197_push330_memread2234(normal)#1
# Loading work.i_acl_push_i16_memcoalesce_null_extrvalue_18102149_push306_memread2282(normal)#1
# Loading work.i_acl_push_i16_memcoalesce_null_extrvalue_26101_push282_memread2330(normal)#1
# Loading work.i_acl_push_i16_memcoalesce_null_extrvalue_253_push258_memread2378(normal)#1
# Loading work.i_acl_push_i16_memcoalesce_null_extrvalue_9128195_push329_memread2236(normal)#1
# Loading work.i_acl_push_i16_memcoalesce_null_extrvalue_17101147_push305_memread2284(normal)#1
# Loading work.i_acl_push_i16_memcoalesce_null_extrvalue_2599_push281_memread2332(normal)#1
# Loading work.i_acl_push_i16_memcoalesce_null_extrvalue_151_push257_memread2380(normal)#1
# Loading work.i_acl_push_i16_memcoalesce_null_extrvalue_8127193_push328_memread2238(normal)#1
# Loading work.i_acl_push_i16_memcoalesce_null_extrvalue_16100145_push304_memread2286(normal)#1
# Loading work.i_acl_push_i16_memcoalesce_null_extrvalue_2497_push280_memread2334(normal)#1
# Loading work.i_acl_push_i16_add259_257_push360_memread2190(normal)#1
# Loading work.i_acl_push_i16_cond_in_5_12411_push437_memread2036(normal)#1
# Loading work.i_acl_push_i16_cond_in_5_8363_push413_memread2084(normal)#1
# Loading work.i_acl_push_i16_cond_in_5_4315_push389_memread2132(normal)#1
# Loading work.i_acl_push_i16_cond_in_5267_push365_memread2180(normal)#1
# Loading work.i_acl_push_i16_add412_12_409_push436_memread2038(normal)#1
# Loading work.i_acl_push_i16_add412_8_361_push412_memread2086(normal)#1
# Loading work.i_acl_push_i16_add412_4_313_push388_memread2134(normal)#1
# Loading work.i_acl_push_i16_add412_265_push364_memread2182(normal)#1
# Loading work.i_acl_push_i16_cond_in_3_12407_push435_memread2040(normal)#1
# Loading work.i_acl_push_i16_cond_in_3_8359_push411_memread2088(normal)#1
# Loading work.i_acl_push_i16_cond_in_3_4311_push387_memread2136(normal)#1
# Loading work.i_acl_push_i16_cond_in_3263_push363_memread2184(normal)#1
# Loading work.i_acl_push_i16_add335_12_405_push434_memread2042(normal)#1
# Loading work.i_acl_push_i16_add335_8_357_push410_memread2090(normal)#1
# Loading work.i_acl_push_i16_add335_4_309_push386_memread2138(normal)#1
# Loading work.i_acl_push_i16_add335_261_push362_memread2186(normal)#1
# Loading work.i_acl_push_i16_cond_in_1_12403_push433_memread2044(normal)#1
# Loading work.i_acl_push_i16_cond_in_1_8355_push409_memread2092(normal)#1
# Loading work.i_acl_push_i16_cond_in_1_4307_push385_memread2140(normal)#1
# Loading work.i_acl_push_i16_cond_in_1259_push361_memread2188(normal)#1
# Loading work.i_acl_push_i16_add259_12_401_push432_memread2046(normal)#1
# Loading work.i_acl_push_i16_add259_8_353_push408_memread2094(normal)#1
# Loading work.i_acl_push_i16_add259_4_305_push384_memread2142(normal)#1
# Loading work.i_acl_push_i16_memcoalesce_null_extrvalue_661_push262_memread2370(normal)#1
# Loading work.i_acl_push_i16_memcoalesce_null_extrvalue_19138215_push339_memread2216(normal)#1
# Loading work.i_acl_push_i16_memcoalesce_null_extrvalue_27111167_push315_memread2264(normal)#1
# Loading work.i_acl_push_i16_memcoalesce_null_extrvalue_387119_push291_memread2312(normal)#1
# Loading work.i_acl_push_i16_memcoalesce_null_extrvalue_1171_push267_memread2360(normal)#1
# Loading work.i_acl_push_i16_memcoalesce_null_extrvalue_18137213_push338_memread2218(normal)#1
# Loading work.i_acl_push_i16_memcoalesce_null_extrvalue_26110165_push314_memread2266(normal)#1
# Loading work.i_acl_push_i16_memcoalesce_null_extrvalue_286117_push290_memread2314(normal)#1
# Loading work.i_acl_push_i16_memcoalesce_null_extrvalue_1069_push266_memread2362(normal)#1
# Loading work.i_acl_push_i16_memcoalesce_null_extrvalue_17136211_push337_memread2220(normal)#1
# Loading work.i_acl_push_i16_memcoalesce_null_extrvalue_25109163_push313_memread2268(normal)#1
# Loading work.i_acl_push_i16_memcoalesce_null_extrvalue_185115_push289_memread2316(normal)#1
# Loading work.i_acl_push_i16_memcoalesce_null_extrvalue_967_push265_memread2364(normal)#1
# Loading work.i_acl_push_i16_memcoalesce_null_extrvalue_16135209_push336_memread2222(normal)#1
# Loading work.i_acl_push_i16_memcoalesce_null_extrvalue_24108161_push312_memread2270(normal)#1
# Loading work.i_acl_push_i16_memcoalesce_null_load_082_toi1_extractvalue113_push288_memread2318(normal)#1
# Loading work.i_acl_push_i16_memcoalesce_null_extrvalue_865_push264_memread2366(normal)#1
# Loading work.i_acl_push_i16_memcoalesce_null_extrvalue_15134207_push335_memread2224(normal)#1
# Loading work.i_acl_push_i16_memcoalesce_null_extrvalue_23107159_push311_memread2272(normal)#1
# Loading work.i_acl_push_i16_memcoalesce_null_extrvalue_31111_push287_memread2320(normal)#1
# Loading work.i_acl_push_i16_memcoalesce_null_extrvalue_763_push263_memread2368(normal)#1
# Loading work.i_acl_push_i16_memcoalesce_null_extrvalue_14133205_push334_memread2226(normal)#1
# Loading work.i_acl_push_i16_memcoalesce_null_extrvalue_22106157_push310_memread2274(normal)#1
# Loading work.i_acl_push_i16_memcoalesce_null_extrvalue_30109_push286_memread2322(normal)#1
# Loading work.i_acl_push_i16_add259_1_269_push366_memread2178(normal)#1
# Loading work.i_acl_push_i16_cond_in_5_13423_push443_memread2024(normal)#1
# Loading work.i_acl_push_i16_cond_in_5_9375_push419_memread2072(normal)#1
# Loading work.i_acl_push_i16_cond_in_5_5327_push395_memread2120(normal)#1
# Loading work.i_acl_push_i16_cond_in_5_1279_push371_memread2168(normal)#1
# Loading work.i_acl_push_i16_add412_13_421_push442_memread2026(normal)#1
# Loading work.i_acl_push_i16_add412_9_373_push418_memread2074(normal)#1
# Loading work.i_acl_push_i16_add412_5_325_push394_memread2122(normal)#1
# Loading work.i_acl_push_i16_add412_1_277_push370_memread2170(normal)#1
# Loading work.i_acl_push_i16_cond_in_3_13419_push441_memread2028(normal)#1
# Loading work.i_acl_push_i16_cond_in_3_9371_push417_memread2076(normal)#1
# Loading work.i_acl_push_i16_cond_in_3_5323_push393_memread2124(normal)#1
# Loading work.i_acl_push_i16_cond_in_3_1275_push369_memread2172(normal)#1
# Loading work.i_acl_push_i16_add335_13_417_push440_memread2030(normal)#1
# Loading work.i_acl_push_i16_add335_9_369_push416_memread2078(normal)#1
# Loading work.i_acl_push_i16_add335_5_321_push392_memread2126(normal)#1
# Loading work.i_acl_push_i16_add335_1_273_push368_memread2174(normal)#1
# Loading work.i_acl_push_i16_cond_in_1_13415_push439_memread2032(normal)#1
# Loading work.i_acl_push_i16_cond_in_1_9367_push415_memread2080(normal)#1
# Loading work.i_acl_push_i16_cond_in_1_5319_push391_memread2128(normal)#1
# Loading work.i_acl_push_i16_cond_in_1_1271_push367_memread2176(normal)#1
# Loading work.i_acl_push_i16_add259_13_413_push438_memread2034(normal)#1
# Loading work.i_acl_push_i16_add259_9_365_push414_memread2082(normal)#1
# Loading work.i_acl_push_i16_add259_5_317_push390_memread2130(normal)#1
# Loading work.i_acl_push_i32_mac_acc_3520_push253_memread2384(normal)#1
# Loading work.i_acl_push_i1_notexitcond_memread2392(normal)#1
# Loading work.acl_push(fast__6)
# Loading work.i_acl_pipeline_keep_going_memread1584(normal)#1
# Loading work.acl_pipeline(fast)
# Loading work.acl_dspba_buffer(fast__2)
# Loading work.i_acl_sfc_exit_c0_for_body510_memread_c0_exit967_memread2610_data_fifo(normal)#1
# Loading work.acl_data_fifo(fast__6)
# Loading work.memread_b3_branch(normal)#1
# Loading work.bb_memread_b3_sr_1(normal)#1
# Loading work.acl_loop_limiter(fast)
# Loading work.bb_memread_b2(normal)#1
# Loading work.memread_b2_merge(normal)#1
# Loading work.bb_memread_b2_stall_region(normal)#1
# Loading work.memread_b2_merge_reg(normal)#1
# Loading work.i_sfc_c0_for_cond506_preheader_memread_c0_enter469_memread(normal)#1
# Loading work.i_sfc_logic_c0_for_cond506_preheader_memread_c0_enter469_memread725(normal)#1
# Loading work.i_acl_push_i1_cmp1179460_push249_memread1579(normal)#1
# Loading work.i_acl_pop_i1_cmp1179460_pop249_memread1577(normal)#1
# Loading work.i_acl_push_i16_line_buf_ptr_0544_pop17458_push248_memread1575(normal)#1
# Loading work.i_acl_pop_i16_line_buf_ptr_0544_pop17458_pop248_memread1573(normal)#1
# Loading work.i_acl_push_i1_cmp830_not456_push247_memread1571(normal)#1
# Loading work.i_acl_pop_i1_cmp830_not456_pop247_memread1569(normal)#1
# Loading work.i_acl_push_i1_acl_2132454_push246_memread1567(normal)#1
# Loading work.i_acl_pop_i1_acl_2132454_pop246_memread1565(normal)#1
# Loading work.i_acl_push_i1_cmp1043_rm452_push245_memread1563(normal)#1
# Loading work.i_acl_pop_i1_cmp1043_rm452_pop245_memread1561(normal)#1
# Loading work.i_acl_push_i1_cmp830450_push244_memread1559(normal)#1
# Loading work.i_acl_pop_i1_cmp830450_pop244_memread1557(normal)#1
# Loading work.i_acl_push_i1_push242_memread1555(normal)#1
# Loading work.i_acl_pop_i1_pop242_memread1553(normal)#1
# Loading work.i_acl_push_i16_cond_in_5_15446_push241_memread1551(normal)#1
# Loading work.i_acl_pop_i16_cond_in_5_15446_pop241_memread1549(normal)#1
# Loading work.i_acl_push_i16_add412_15_444_push240_memread1547(normal)#1
# Loading work.i_acl_pop_i16_add412_15_444_pop240_memread1545(normal)#1
# Loading work.i_acl_push_i16_cond_in_3_15442_push239_memread1543(normal)#1
# Loading work.i_acl_pop_i16_cond_in_3_15442_pop239_memread1541(normal)#1
# Loading work.i_acl_push_i16_add335_15_440_push238_memread1539(normal)#1
# Loading work.i_acl_pop_i16_add335_15_440_pop238_memread1537(normal)#1
# Loading work.i_acl_push_i16_cond_in_1_15438_push237_memread1535(normal)#1
# Loading work.i_acl_pop_i16_cond_in_1_15438_pop237_memread1533(normal)#1
# Loading work.i_acl_push_i16_add259_15_436_push236_memread1531(normal)#1
# Loading work.i_acl_pop_i16_add259_15_436_pop236_memread1529(normal)#1
# Loading work.i_acl_push_i16_cond_in_5_14434_push235_memread1527(normal)#1
# Loading work.i_acl_pop_i16_cond_in_5_14434_pop235_memread1525(normal)#1
# Loading work.i_acl_push_i16_add412_14_432_push234_memread1523(normal)#1
# Loading work.i_acl_pop_i16_add412_14_432_pop234_memread1521(normal)#1
# Loading work.i_acl_push_i16_cond_in_3_14430_push233_memread1519(normal)#1
# Loading work.i_acl_pop_i16_cond_in_3_14430_pop233_memread1517(normal)#1
# Loading work.i_acl_push_i16_add335_14_428_push232_memread1515(normal)#1
# Loading work.i_acl_pop_i16_add335_14_428_pop232_memread1513(normal)#1
# Loading work.i_acl_push_i16_cond_in_1_14426_push231_memread1511(normal)#1
# Loading work.i_acl_pop_i16_cond_in_1_14426_pop231_memread1509(normal)#1
# Loading work.i_acl_push_i16_add259_14_424_push230_memread1507(normal)#1
# Loading work.i_acl_pop_i16_add259_14_424_pop230_memread1505(normal)#1
# Loading work.i_acl_push_i16_cond_in_5_13422_push229_memread1503(normal)#1
# Loading work.i_acl_pop_i16_cond_in_5_13422_pop229_memread1501(normal)#1
# Loading work.i_acl_push_i16_add412_13_420_push228_memread1499(normal)#1
# Loading work.i_acl_pop_i16_add412_13_420_pop228_memread1497(normal)#1
# Loading work.i_acl_push_i16_cond_in_3_13418_push227_memread1495(normal)#1
# Loading work.i_acl_pop_i16_cond_in_3_13418_pop227_memread1493(normal)#1
# Loading work.i_acl_push_i16_add335_13_416_push226_memread1491(normal)#1
# Loading work.i_acl_pop_i16_add335_13_416_pop226_memread1489(normal)#1
# Loading work.i_acl_push_i16_cond_in_1_13414_push225_memread1487(normal)#1
# Loading work.i_acl_pop_i16_cond_in_1_13414_pop225_memread1485(normal)#1
# Loading work.i_acl_push_i16_add259_13_412_push224_memread1483(normal)#1
# Loading work.i_acl_pop_i16_add259_13_412_pop224_memread1481(normal)#1
# Loading work.i_acl_push_i16_cond_in_5_12410_push223_memread1479(normal)#1
# Loading work.i_acl_pop_i16_cond_in_5_12410_pop223_memread1477(normal)#1
# Loading work.i_acl_push_i16_add412_12_408_push222_memread1475(normal)#1
# Loading work.i_acl_pop_i16_add412_12_408_pop222_memread1473(normal)#1
# Loading work.i_acl_push_i16_cond_in_3_12406_push221_memread1471(normal)#1
# Loading work.i_acl_pop_i16_cond_in_3_12406_pop221_memread1469(normal)#1
# Loading work.i_acl_push_i16_add335_12_404_push220_memread1467(normal)#1
# Loading work.i_acl_pop_i16_add335_12_404_pop220_memread1465(normal)#1
# Loading work.i_acl_push_i16_cond_in_1_12402_push219_memread1463(normal)#1
# Loading work.i_acl_pop_i16_cond_in_1_12402_pop219_memread1461(normal)#1
# Loading work.i_acl_push_i16_add259_12_400_push218_memread1459(normal)#1
# Loading work.i_acl_pop_i16_add259_12_400_pop218_memread1457(normal)#1
# Loading work.i_acl_push_i16_cond_in_5_11398_push217_memread1455(normal)#1
# Loading work.i_acl_pop_i16_cond_in_5_11398_pop217_memread1453(normal)#1
# Loading work.i_acl_push_i16_add412_11_396_push216_memread1451(normal)#1
# Loading work.i_acl_pop_i16_add412_11_396_pop216_memread1449(normal)#1
# Loading work.i_acl_push_i16_cond_in_3_11394_push215_memread1447(normal)#1
# Loading work.i_acl_pop_i16_cond_in_3_11394_pop215_memread1445(normal)#1
# Loading work.i_acl_push_i16_add335_11_392_push214_memread1443(normal)#1
# Loading work.i_acl_pop_i16_add335_11_392_pop214_memread1441(normal)#1
# Loading work.i_acl_push_i16_cond_in_1_11390_push213_memread1439(normal)#1
# Loading work.i_acl_pop_i16_cond_in_1_11390_pop213_memread1437(normal)#1
# Loading work.i_acl_push_i16_add259_11_388_push212_memread1435(normal)#1
# Loading work.i_acl_pop_i16_add259_11_388_pop212_memread1433(normal)#1
# Loading work.i_acl_push_i16_cond_in_5_10386_push211_memread1431(normal)#1
# Loading work.i_acl_pop_i16_cond_in_5_10386_pop211_memread1429(normal)#1
# Loading work.i_acl_push_i16_add412_10_384_push210_memread1427(normal)#1
# Loading work.i_acl_pop_i16_add412_10_384_pop210_memread1425(normal)#1
# Loading work.i_acl_push_i16_cond_in_3_10382_push209_memread1423(normal)#1
# Loading work.i_acl_pop_i16_cond_in_3_10382_pop209_memread1421(normal)#1
# Loading work.i_acl_push_i16_add335_10_380_push208_memread1419(normal)#1
# Loading work.i_acl_pop_i16_add335_10_380_pop208_memread1417(normal)#1
# Loading work.i_acl_push_i16_cond_in_1_10378_push207_memread1415(normal)#1
# Loading work.i_acl_pop_i16_cond_in_1_10378_pop207_memread1413(normal)#1
# Loading work.i_acl_push_i16_add259_10_376_push206_memread1411(normal)#1
# Loading work.i_acl_pop_i16_add259_10_376_pop206_memread1409(normal)#1
# Loading work.i_acl_push_i16_cond_in_5_9374_push205_memread1407(normal)#1
# Loading work.i_acl_pop_i16_cond_in_5_9374_pop205_memread1405(normal)#1
# Loading work.i_acl_push_i16_add412_9_372_push204_memread1403(normal)#1
# Loading work.i_acl_pop_i16_add412_9_372_pop204_memread1401(normal)#1
# Loading work.i_acl_push_i16_cond_in_3_9370_push203_memread1399(normal)#1
# Loading work.i_acl_pop_i16_cond_in_3_9370_pop203_memread1397(normal)#1
# Loading work.i_acl_push_i16_add335_9_368_push202_memread1395(normal)#1
# Loading work.i_acl_pop_i16_add335_9_368_pop202_memread1393(normal)#1
# Loading work.i_acl_push_i16_cond_in_1_9366_push201_memread1391(normal)#1
# Loading work.i_acl_pop_i16_cond_in_1_9366_pop201_memread1389(normal)#1
# Loading work.i_acl_push_i16_add259_9_364_push200_memread1387(normal)#1
# Loading work.i_acl_pop_i16_add259_9_364_pop200_memread1385(normal)#1
# Loading work.i_acl_push_i16_cond_in_5_8362_push199_memread1383(normal)#1
# Loading work.i_acl_pop_i16_cond_in_5_8362_pop199_memread1381(normal)#1
# Loading work.i_acl_push_i16_add412_8_360_push198_memread1379(normal)#1
# Loading work.i_acl_pop_i16_add412_8_360_pop198_memread1377(normal)#1
# Loading work.i_acl_push_i16_cond_in_3_8358_push197_memread1375(normal)#1
# Loading work.i_acl_pop_i16_cond_in_3_8358_pop197_memread1373(normal)#1
# Loading work.i_acl_push_i16_add335_8_356_push196_memread1371(normal)#1
# Loading work.i_acl_pop_i16_add335_8_356_pop196_memread1369(normal)#1
# Loading work.i_acl_push_i16_cond_in_1_8354_push195_memread1367(normal)#1
# Loading work.i_acl_pop_i16_cond_in_1_8354_pop195_memread1365(normal)#1
# Loading work.i_acl_push_i16_add259_8_352_push194_memread1363(normal)#1
# Loading work.i_acl_pop_i16_add259_8_352_pop194_memread1361(normal)#1
# Loading work.i_acl_push_i16_cond_in_5_7350_push193_memread1359(normal)#1
# Loading work.i_acl_pop_i16_cond_in_5_7350_pop193_memread1357(normal)#1
# Loading work.i_acl_push_i16_add412_7_348_push192_memread1355(normal)#1
# Loading work.i_acl_pop_i16_add412_7_348_pop192_memread1353(normal)#1
# Loading work.i_acl_push_i16_cond_in_3_7346_push191_memread1351(normal)#1
# Loading work.i_acl_pop_i16_cond_in_3_7346_pop191_memread1349(normal)#1
# Loading work.i_acl_push_i16_add335_7_344_push190_memread1347(normal)#1
# Loading work.i_acl_pop_i16_add335_7_344_pop190_memread1345(normal)#1
# Loading work.i_acl_push_i16_cond_in_1_7342_push189_memread1343(normal)#1
# Loading work.i_acl_pop_i16_cond_in_1_7342_pop189_memread1341(normal)#1
# Loading work.i_acl_push_i16_add259_7_340_push188_memread1339(normal)#1
# Loading work.i_acl_pop_i16_add259_7_340_pop188_memread1337(normal)#1
# Loading work.i_acl_push_i16_cond_in_5_6338_push187_memread1335(normal)#1
# Loading work.i_acl_push_i16_add412_6_336_push186_memread1331(normal)#1
# Loading work.i_acl_push_i16_cond_in_3_6334_push185_memread1327(normal)#1
# Loading work.i_acl_push_i16_add335_6_332_push184_memread1323(normal)#1
# Loading work.i_acl_push_i16_cond_in_1_6330_push183_memread1319(normal)#1
# Loading work.i_acl_push_i16_add259_6_328_push182_memread1315(normal)#1
# Loading work.i_acl_push_i16_cond_in_5_5326_push181_memread1311(normal)#1
# Loading work.i_acl_push_i16_add412_5_324_push180_memread1307(normal)#1
# Loading work.i_acl_push_i16_cond_in_3_5322_push179_memread1303(normal)#1
# Loading work.i_acl_push_i16_add335_5_320_push178_memread1299(normal)#1
# Loading work.i_acl_push_i16_cond_in_1_5318_push177_memread1295(normal)#1
# Loading work.i_acl_push_i16_add259_5_316_push176_memread1291(normal)#1
# Loading work.i_acl_push_i16_cond_in_5_4314_push175_memread1287(normal)#1
# Loading work.i_acl_push_i16_add412_4_312_push174_memread1283(normal)#1
# Loading work.i_acl_push_i16_cond_in_3_4310_push173_memread1279(normal)#1
# Loading work.i_acl_push_i16_add335_4_308_push172_memread1275(normal)#1
# Loading work.i_acl_push_i16_cond_in_1_4306_push171_memread1271(normal)#1
# Loading work.i_acl_push_i16_add259_4_304_push170_memread1267(normal)#1
# Loading work.i_acl_push_i16_cond_in_5_3302_push169_memread1263(normal)#1
# Loading work.i_acl_push_i16_add412_3_300_push168_memread1259(normal)#1
# Loading work.i_acl_push_i16_cond_in_3_3298_push167_memread1255(normal)#1
# Loading work.i_acl_push_i16_add335_3_296_push166_memread1251(normal)#1
# Loading work.i_acl_push_i16_cond_in_1_3294_push165_memread1247(normal)#1
# Loading work.i_acl_push_i16_add259_3_292_push164_memread1243(normal)#1
# Loading work.i_acl_push_i16_cond_in_5_2290_push163_memread1239(normal)#1
# Loading work.i_acl_push_i16_add412_2_288_push162_memread1235(normal)#1
# Loading work.i_acl_push_i16_cond_in_3_2286_push161_memread1231(normal)#1
# Loading work.i_acl_push_i16_add335_2_284_push160_memread1227(normal)#1
# Loading work.i_acl_push_i16_cond_in_1_2282_push159_memread1223(normal)#1
# Loading work.i_acl_push_i16_add259_2_280_push158_memread1219(normal)#1
# Loading work.i_acl_push_i16_cond_in_5_1278_push157_memread1215(normal)#1
# Loading work.i_acl_push_i16_add412_1_276_push156_memread1211(normal)#1
# Loading work.i_acl_push_i16_cond_in_3_1274_push155_memread1207(normal)#1
# Loading work.i_acl_push_i16_add335_1_272_push154_memread1203(normal)#1
# Loading work.i_acl_push_i16_cond_in_1_1270_push153_memread1199(normal)#1
# Loading work.i_acl_push_i16_add259_1_268_push152_memread1195(normal)#1
# Loading work.i_acl_push_i16_cond_in_5266_push151_memread1191(normal)#1
# Loading work.i_acl_push_i16_add412_264_push150_memread1187(normal)#1
# Loading work.i_acl_push_i16_cond_in_3262_push149_memread1183(normal)#1
# Loading work.i_acl_push_i16_add335_260_push148_memread1179(normal)#1
# Loading work.i_acl_push_i16_cond_in_1258_push147_memread1175(normal)#1
# Loading work.i_acl_push_i16_add259_256_push146_memread1171(normal)#1
# Loading work.i_acl_push_i1_tobool_rm254_push145_memread1167(normal)#1
# Loading work.i_acl_pop_i1_tobool_rm254_pop145_memread1165(normal)#1
# Loading work.i_acl_push_i16_acl_1865252_push144_memread1163(normal)#1
# Loading work.i_acl_push_i32_acl_1864250_push143_memread1159(normal)#1
# Loading work.i_acl_push_i32_acl_1863248_push142_memread1155(normal)#1
# Loading work.i_acl_push_i32_acl_1862246_push141_memread1151(normal)#1
# Loading work.i_acl_push_i32_acl_1861244_push140_memread1147(normal)#1
# Loading work.i_acl_push_i32_acl_1860242_push139_memread1143(normal)#1
# Loading work.i_acl_push_i32_acl_1859240_push138_memread1139(normal)#1
# Loading work.i_acl_push_i16_memcoalesce_null_extrvalue_31150238_push137_memread1135(normal)#1
# Loading work.i_acl_push_i16_memcoalesce_null_extrvalue_30149236_push136_memread1131(normal)#1
# Loading work.i_acl_push_i16_memcoalesce_null_extrvalue_29148234_push135_memread1127(normal)#1
# Loading work.i_acl_push_i16_memcoalesce_null_extrvalue_28147232_push134_memread1123(normal)#1
# Loading work.i_acl_push_i16_memcoalesce_null_extrvalue_27146230_push133_memread1119(normal)#1
# Loading work.i_acl_push_i16_memcoalesce_null_extrvalue_26145228_push132_memread1115(normal)#1
# Loading work.i_acl_push_i16_memcoalesce_null_extrvalue_25144226_push131_memread1111(normal)#1
# Loading work.i_acl_push_i16_memcoalesce_null_extrvalue_24143224_push130_memread1107(normal)#1
# Loading work.i_acl_push_i16_memcoalesce_null_extrvalue_23142222_push129_memread1103(normal)#1
# Loading work.i_acl_push_i16_memcoalesce_null_extrvalue_22141220_push128_memread1099(normal)#1
# Loading work.i_acl_push_i16_memcoalesce_null_extrvalue_21140218_push127_memread1095(normal)#1
# Loading work.i_acl_push_i16_memcoalesce_null_extrvalue_20139216_push126_memread1091(normal)#1
# Loading work.i_acl_push_i16_memcoalesce_null_extrvalue_19138214_push125_memread1087(normal)#1
# Loading work.i_acl_push_i16_memcoalesce_null_extrvalue_18137212_push124_memread1083(normal)#1
# Loading work.i_acl_push_i16_memcoalesce_null_extrvalue_17136210_push123_memread1079(normal)#1
# Loading work.i_acl_push_i16_memcoalesce_null_extrvalue_16135208_push122_memread1075(normal)#1
# Loading work.i_acl_push_i16_memcoalesce_null_extrvalue_15134206_push121_memread1071(normal)#1
# Loading work.i_acl_push_i16_memcoalesce_null_extrvalue_14133204_push120_memread1067(normal)#1
# Loading work.i_acl_push_i16_memcoalesce_null_extrvalue_13132202_push119_memread1063(normal)#1
# Loading work.i_acl_push_i16_memcoalesce_null_extrvalue_12131200_push118_memread1059(normal)#1
# Loading work.i_acl_push_i16_memcoalesce_null_extrvalue_11130198_push117_memread1055(normal)#1
# Loading work.i_acl_push_i16_memcoalesce_null_extrvalue_10129196_push116_memread1051(normal)#1
# Loading work.i_acl_push_i16_memcoalesce_null_extrvalue_9128194_push115_memread1047(normal)#1
# Loading work.i_acl_push_i16_memcoalesce_null_extrvalue_8127192_push114_memread1043(normal)#1
# Loading work.i_acl_push_i16_memcoalesce_null_extrvalue_7126190_push113_memread1039(normal)#1
# Loading work.i_acl_push_i16_memcoalesce_null_extrvalue_6125188_push112_memread1035(normal)#1
# Loading work.i_acl_push_i16_memcoalesce_null_extrvalue_5124186_push111_memread1031(normal)#1
# Loading work.i_acl_push_i16_memcoalesce_null_extrvalue_4123184_push110_memread1027(normal)#1
# Loading work.i_acl_push_i16_memcoalesce_null_extrvalue_3122182_push109_memread1023(normal)#1
# Loading work.i_acl_push_i16_memcoalesce_null_extrvalue_2121180_push108_memread1019(normal)#1
# Loading work.i_acl_push_i16_memcoalesce_null_extrvalue_1120178_push107_memread1015(normal)#1
# Loading work.i_acl_push_i16_memcoalesce_null_load_0117_toi1_extractvalue176_push106_memread1011(normal)#1
# Loading work.i_acl_push_i16_memcoalesce_null_extrvalue_31115174_push105_memread1007(normal)#1
# Loading work.i_acl_push_i16_memcoalesce_null_extrvalue_30114172_push104_memread1003(normal)#1
# Loading work.i_acl_push_i16_memcoalesce_null_extrvalue_29113170_push103_memread999(normal)#1
# Loading work.i_acl_push_i16_memcoalesce_null_extrvalue_28112168_push102_memread995(normal)#1
# Loading work.i_acl_push_i16_memcoalesce_null_extrvalue_27111166_push101_memread991(normal)#1
# Loading work.i_acl_push_i16_memcoalesce_null_extrvalue_26110164_push100_memread987(normal)#1
# Loading work.i_acl_push_i16_memcoalesce_null_extrvalue_25109162_push99_memread983(normal)#1
# Loading work.i_acl_push_i16_memcoalesce_null_extrvalue_24108160_push98_memread979(normal)#1
# Loading work.i_acl_push_i16_memcoalesce_null_extrvalue_23107158_push97_memread975(normal)#1
# Loading work.i_acl_push_i16_memcoalesce_null_extrvalue_22106156_push96_memread971(normal)#1
# Loading work.i_acl_push_i16_memcoalesce_null_extrvalue_21105154_push95_memread967(normal)#1
# Loading work.i_acl_push_i16_memcoalesce_null_extrvalue_20104152_push94_memread963(normal)#1
# Loading work.i_acl_push_i16_memcoalesce_null_extrvalue_19103150_push93_memread959(normal)#1
# Loading work.i_acl_push_i16_memcoalesce_null_extrvalue_18102148_push92_memread955(normal)#1
# Loading work.i_acl_push_i16_memcoalesce_null_extrvalue_17101146_push91_memread951(normal)#1
# Loading work.i_acl_push_i16_memcoalesce_null_extrvalue_16100144_push90_memread947(normal)#1
# Loading work.i_acl_push_i16_memcoalesce_null_extrvalue_1599142_push89_memread943(normal)#1
# Loading work.i_acl_push_i16_memcoalesce_null_extrvalue_1498140_push88_memread939(normal)#1
# Loading work.i_acl_push_i16_memcoalesce_null_extrvalue_1397138_push87_memread935(normal)#1
# Loading work.i_acl_push_i16_memcoalesce_null_extrvalue_1296136_push86_memread931(normal)#1
# Loading work.i_acl_push_i16_memcoalesce_null_extrvalue_1195134_push85_memread927(normal)#1
# Loading work.i_acl_push_i16_memcoalesce_null_extrvalue_1094132_push84_memread923(normal)#1
# Loading work.i_acl_push_i16_memcoalesce_null_extrvalue_993130_push83_memread919(normal)#1
# Loading work.i_acl_push_i16_memcoalesce_null_extrvalue_892128_push82_memread915(normal)#1
# Loading work.i_acl_push_i16_memcoalesce_null_extrvalue_791126_push81_memread911(normal)#1
# Loading work.i_acl_push_i16_memcoalesce_null_extrvalue_690124_push80_memread907(normal)#1
# Loading work.i_acl_push_i16_memcoalesce_null_extrvalue_589122_push79_memread903(normal)#1
# Loading work.i_acl_push_i16_memcoalesce_null_extrvalue_488120_push78_memread899(normal)#1
# Loading work.i_acl_push_i16_memcoalesce_null_extrvalue_387118_push77_memread895(normal)#1
# Loading work.i_acl_push_i16_memcoalesce_null_extrvalue_286116_push76_memread891(normal)#1
# Loading work.i_acl_push_i16_memcoalesce_null_extrvalue_185114_push75_memread887(normal)#1
# Loading work.i_acl_push_i16_memcoalesce_null_load_082_toi1_extractvalue112_push74_memread883(normal)#1
# Loading work.i_acl_push_i16_memcoalesce_null_extrvalue_31110_push73_memread879(normal)#1
# Loading work.i_acl_push_i16_memcoalesce_null_extrvalue_30108_push72_memread875(normal)#1
# Loading work.i_acl_push_i16_memcoalesce_null_extrvalue_29106_push71_memread871(normal)#1
# Loading work.i_acl_push_i16_memcoalesce_null_extrvalue_28104_push70_memread867(normal)#1
# Loading work.i_acl_push_i16_memcoalesce_null_extrvalue_27102_push69_memread863(normal)#1
# Loading work.i_acl_push_i16_memcoalesce_null_extrvalue_26100_push68_memread859(normal)#1
# Loading work.i_acl_push_i16_memcoalesce_null_extrvalue_2598_push67_memread855(normal)#1
# Loading work.i_acl_push_i16_memcoalesce_null_extrvalue_2496_push66_memread851(normal)#1
# Loading work.i_acl_push_i16_memcoalesce_null_extrvalue_2394_push65_memread847(normal)#1
# Loading work.i_acl_push_i16_memcoalesce_null_extrvalue_2292_push64_memread843(normal)#1
# Loading work.i_acl_push_i16_memcoalesce_null_extrvalue_2190_push63_memread839(normal)#1
# Loading work.i_acl_push_i16_memcoalesce_null_extrvalue_2088_push62_memread835(normal)#1
# Loading work.i_acl_push_i16_memcoalesce_null_extrvalue_1986_push61_memread831(normal)#1
# Loading work.i_acl_push_i16_memcoalesce_null_extrvalue_1884_push60_memread827(normal)#1
# Loading work.i_acl_push_i16_memcoalesce_null_extrvalue_1782_push59_memread823(normal)#1
# Loading work.i_acl_push_i16_memcoalesce_null_extrvalue_1680_push58_memread819(normal)#1
# Loading work.i_acl_push_i16_memcoalesce_null_extrvalue_1578_push57_memread815(normal)#1
# Loading work.i_acl_push_i16_memcoalesce_null_extrvalue_1476_push56_memread811(normal)#1
# Loading work.i_acl_push_i16_memcoalesce_null_extrvalue_1374_push55_memread807(normal)#1
# Loading work.i_acl_push_i16_memcoalesce_null_extrvalue_1272_push54_memread803(normal)#1
# Loading work.i_acl_push_i16_memcoalesce_null_extrvalue_1170_push53_memread799(normal)#1
# Loading work.i_acl_push_i16_memcoalesce_null_extrvalue_1068_push52_memread795(normal)#1
# Loading work.i_acl_push_i16_memcoalesce_null_extrvalue_966_push51_memread791(normal)#1
# Loading work.i_acl_push_i16_memcoalesce_null_extrvalue_864_push50_memread787(normal)#1
# Loading work.i_acl_push_i16_memcoalesce_null_extrvalue_762_push49_memread783(normal)#1
# Loading work.i_acl_push_i16_memcoalesce_null_extrvalue_660_push48_memread779(normal)#1
# Loading work.i_acl_push_i16_memcoalesce_null_extrvalue_558_push47_memread775(normal)#1
# Loading work.i_acl_push_i16_memcoalesce_null_extrvalue_456_push46_memread771(normal)#1
# Loading work.i_acl_push_i16_memcoalesce_null_extrvalue_354_push45_memread767(normal)#1
# Loading work.i_acl_push_i16_memcoalesce_null_extrvalue_252_push44_memread763(normal)#1
# Loading work.i_acl_push_i16_memcoalesce_null_extrvalue_150_push43_memread759(normal)#1
# Loading work.i_acl_push_i16_memcoalesce_null_load_0_toi1_extractvalue48_push42_memread755(normal)#1
# Loading work.i_acl_push_i1_notexit36448_push243_memread749(normal)#1
# Loading work.i_acl_pop_i1_notexit36448_pop243_memread747(normal)#1
# Loading work.i_acl_push_i4_fpgaindvars_iv24_push32_memread745(normal)#1
# Loading work.i_acl_pop_i4_fpgaindvars_iv24_pop32_memread733(normal)#1
# Loading work.i_acl_push_i1_cmp12532_rm46_push41_memread739(normal)#1
# Loading work.i_acl_pop_i1_cmp12532_rm46_pop41_memread736(normal)#1
# Loading work.i_acl_push_i8_n499_2523_push39_memread743(normal)#1
# Loading work.i_acl_push_i1_forked4344_push40_memread741(normal)#1
# Loading work.i_acl_pop_i1_forked4344_pop40_memread727(normal)#1
# Loading work.i_acl_push_i1_notexitcond31_memread751(normal)#1
# Loading work.i_acl_pipeline_keep_going30_memread729(normal)#1
# Loading work.i_acl_sfc_exit_c0_for_cond506_preheader_memread_c0_exit492_memread1581(normal)#1
# Loading work.i_acl_sfc_exit_c0_for_cond506_preheader_memread_c0_exit492_memread2608_data_fifo(normal)#1
# Loading work.acl_data_fifo(fast__7)
# Loading work.memread_b2_branch(normal)#1
# Loading work.bb_memread_b2_sr_1(normal)#1
# Loading work.acl_loop_limiter(fast__1)
# Loading work.bb_memread_b1(normal)#1
# Loading work.memread_b1_branch(normal)#1
# Loading work.bb_memread_b1_stall_region(normal)#1
# Loading work.acl_data_fifo(fast__8)
# Loading work.acl_data_fifo(fast__9)
# Loading work.acl_data_fifo(fast__10)
# Loading work.i_load_tmp420_memread167(normal)#1
# Loading work.lsu_top(fast)
# Loading work.i_sfc_c2_while_body_memread_c2_enter_memread(normal)#1
# Loading work.i_sfc_logic_c2_while_body_memread_c2_enter_memread714(normal)#1
# Loading work.acl_data_fifo(fast__11)
# Loading work.acl_valid_fifo_counter(fast__1)
# Loading work.acl_data_fifo(fast__12)
# Loading work.acl_data_fifo(fast__13)
# Loading work.i_load_memcoalesce_weights_load_0_memread165(normal)#1
# Loading work.lsu_top(fast__2)
# Loading work.readdata_reg_memcoalesce_weights_load_0_memread1(normal)#1
# Loading work.acl_data_fifo(fast__20)
# Loading work.i_sfc_c1_while_body_memread_c1_enter_memread(normal)#1
# Loading work.i_sfc_logic_c1_while_body_memread_c1_enter_memread170(normal)#1
# Loading work.i_store_memdep_5_memread179(normal)#1
# Loading work.lsu_top(fast__3)
# Loading work.i_store_memdep_6_memread182(normal)#1
# Loading work.i_store_memdep_7_memread185(normal)#1
# Loading work.i_acl_push_i8_flag_0541_push20_memread711(normal)#1
# Loading work.i_acl_pop_i8_flag_0541_pop20_memread172(normal)#1
# Loading work.i_load_normls_load_memread194(normal)#1
# Loading work.lsu_top(fast__4)
# Loading work.i_load_memcoalesce_1793_load_0_memread196(normal)#1
# Loading work.lsu_top(fast__5)
# Loading work.i_load_normls_load1697_memread198(normal)#1
# Loading work.i_load_normls_load1702_memread201(normal)#1
# Loading work.lsu_top(fast__6)
# Loading work.i_load_memcoalesce_null_load_0_memread488(normal)#1
# Loading work.lsu_top(fast__7)
# Loading work.i_load_memcoalesce_null_load_082_memread492(normal)#1
# Loading work.i_load_memcoalesce_null_load_0117_memread496(normal)#1
# Loading work.dspba_delay(delay)#1
# Loading work.i_store_memdep_memread176(normal)#1
# Loading work.lsu_top(fast__8)
# Loading work.i_acl_sfc_exit_c1_while_body_memread_c1_exit_memread713(normal)#1
# Loading work.i_acl_sfc_exit_c1_while_body_memread_c1_exit_memread2604_data_fifo(normal)#1
# Loading work.acl_data_fifo(fast__21)
# Loading work.acl_full_detector(fast__2)
# Loading work.acl_data_fifo(fast__22)
# Loading work.acl_data_fifo(fast__23)
# Loading work.acl_data_fifo(fast__24)
# Loading work.acl_data_fifo(fast__25)
# Loading work.acl_data_fifo(fast__26)
# Loading work.acl_data_fifo(fast__27)
# Loading work.acl_data_fifo(fast__28)
# Loading work.acl_data_fifo(fast__29)
# Loading work.i_sfc_c0_while_body_memread_c0_enter466_memread(normal)#1
# Loading work.i_sfc_logic_c0_while_body_memread_c0_enter466_memread27(normal)#1
# Loading work.acl_push(fast__7)
# Loading work.acl_dspba_buffer(fast__3)
# Loading work.dspba_delay(delay)#11
# Loading work.dspba_delay(delay)#12
# Loading work.dspba_delay(delay)#13
# Loading work.acl_dspba_buffer(fast__4)
# Loading work.i_acl_sfc_exit_c0_while_body_memread_c0_exit467_memread162(normal)#1
# Loading work.acl_data_fifo(fast__30)
# Loading work.acl_data_fifo(fast__31)
# Loading work.acl_data_fifo(fast__32)
# Loading work.i_load_memcoalesce_bottom_load_0_memread163(normal)#1
# Loading work.lsu_top(fast__10)
# Loading work.readdata_reg_memcoalesce_bottom_load_0_memread0(normal)#1
# Loading work.bb_memread_b5_sr_0(normal)#1
# Loading work.bb_memread_b5(normal)#1
# Loading work.bb_memread_b5_stall_region(normal)#1
# Loading work.acl_data_fifo(fast__33)
# ** Warning: (vsim-3473) Component instance "theiowr : st_write" is not bound.
#    Time: 0 fs  Iteration: 0  Instance: /memread_function_wrapper/thememRead_function/thebb_memRead_B5_aunroll_x/thebb_memRead_B5_stall_region/thei_iowr_bl_bypass_ch_unnamed_memread8_memread_aunroll_x File: /sim/tarsio/aocl-int16-4mul-lane1-20261008-4VZhoo/conv_pipe_int16_4mul/kernel_hdl/memRead/i_iowr_bl_bypass_ch_unnamed_memread8_memread2596.vhd
# ** Warning: (vsim-3473) Component instance "theiowr : st_write" is not bound.
#    Time: 0 fs  Iteration: 0  Instance: /memread_function_wrapper/thememRead_function/thebb_memRead_B5_aunroll_x/thebb_memRead_B5_stall_region/thei_iowr_bl_pool_ch_unnamed_memread9_memread_aunroll_x File: /sim/tarsio/aocl-int16-4mul-lane1-20261008-4VZhoo/conv_pipe_int16_4mul/kernel_hdl/memRead/i_iowr_bl_pool_ch_unnamed_memread9_memread2597.vhd
# Loading work.acl_valid_fifo_counter(fast__2)
# Loading work.i_acl_push_i1_memdep_phi10_push29_memread2521(normal)#1
# Loading work.acl_push(fast__8)
# Loading work.acl_push(fast__9)
# Loading work.acl_data_fifo(fast__38)
# Loading work.i_sfc_c0_for_end624_memread_c0_enter1053_memread(normal)#1
# Loading work.i_sfc_logic_c0_for_end624_memread_c0_enter1053_memread2523(normal)#1
# Loading work.i_store_memdep_16_memread2579(normal)#1
# Loading work.lsu_top(fast__11)
# Loading work.i_load_memcoalesce_null_load_0152_memread2574(normal)#1
# Loading work.lsu_top(fast__12)
# Loading work.i_acl_sfc_exit_c0_for_end624_memread_c0_exit1081_memread2583(normal)#1
# Loading work.acl_data_fifo(fast__39)
# Loading work.acl_clock2x_holder(fast)
# ** Warning: (vsim-3016) Port type 'tri1' is incompatible with connection type 'tri0', coercing to 'tri0' (port 'clocken0').
#    Time: 0 fs  Iteration: 0  Instance: /memread_function_wrapper/thememRead_function/thebb_memRead_B3_aunroll_x/thebb_memRead_B3_stall_region/thei_sfc_c0_for_body510_memread_c0_enter725_memread_aunroll_x/thei_sfc_logic_c0_for_body510_memread_c0_enter725_memread1582_aunroll_x/redist44_sync_in_aunroll_x_in_c0_eni215_211_4_mem_dmem File: /sim/tarsio/aocl-int16-4mul-lane1-20261008-4VZhoo/conv_pipe_int16_4mul/kernel_hdl/memRead/i_sfc_logic_c0_for_body510_memread_c0_enA0Zr725_memread1582.vhd Line: 10063
# ** Warning: (vsim-3016) Port type 'tri1' is incompatible with connection type 'tri0', coercing to 'tri0' (port 'clocken0').
#    Time: 0 fs  Iteration: 0  Instance: /memread_function_wrapper/thememRead_function/thebb_memRead_B3_aunroll_x/thebb_memRead_B3_stall_region/thei_sfc_c0_for_body510_memread_c0_enter725_memread_aunroll_x/thei_sfc_logic_c0_for_body510_memread_c0_enter725_memread1582_aunroll_x/redist43_sync_in_aunroll_x_in_c0_eni215_203_4_mem_dmem File: /sim/tarsio/aocl-int16-4mul-lane1-20261008-4VZhoo/conv_pipe_int16_4mul/kernel_hdl/memRead/i_sfc_logic_c0_for_body510_memread_c0_enA0Zr725_memread1582.vhd Line: 10510
# ** Warning: (vsim-3016) Port type 'tri1' is incompatible with connection type 'tri0', coercing to 'tri0' (port 'clocken0').
#    Time: 0 fs  Iteration: 0  Instance: /memread_function_wrapper/thememRead_function/thebb_memRead_B3_aunroll_x/thebb_memRead_B3_stall_region/thei_sfc_c0_for_body510_memread_c0_enter725_memread_aunroll_x/thei_sfc_logic_c0_for_body510_memread_c0_enter725_memread1582_aunroll_x/redist42_sync_in_aunroll_x_in_c0_eni215_202_4_mem_dmem File: /sim/tarsio/aocl-int16-4mul-lane1-20261008-4VZhoo/conv_pipe_int16_4mul/kernel_hdl/memRead/i_sfc_logic_c0_for_body510_memread_c0_enA0Zr725_memread1582.vhd Line: 10656
# ** Warning: (vsim-3016) Port type 'tri1' is incompatible with connection type 'tri0', coercing to 'tri0' (port 'clocken0').
#    Time: 0 fs  Iteration: 0  Instance: /memread_function_wrapper/thememRead_function/thebb_memRead_B3_aunroll_x/thebb_memRead_B3_stall_region/thei_sfc_c0_for_body510_memread_c0_enter725_memread_aunroll_x/thei_sfc_logic_c0_for_body510_memread_c0_enter725_memread1582_aunroll_x/redist41_sync_in_aunroll_x_in_c0_eni215_201_4_mem_dmem File: /sim/tarsio/aocl-int16-4mul-lane1-20261008-4VZhoo/conv_pipe_int16_4mul/kernel_hdl/memRead/i_sfc_logic_c0_for_body510_memread_c0_enA0Zr725_memread1582.vhd Line: 10802
# ** Warning: (vsim-3016) Port type 'tri1' is incompatible with connection type 'tri0', coercing to 'tri0' (port 'clocken0').
#    Time: 0 fs  Iteration: 0  Instance: /memread_function_wrapper/thememRead_function/thebb_memRead_B3_aunroll_x/thebb_memRead_B3_stall_region/thei_sfc_c0_for_body510_memread_c0_enter725_memread_aunroll_x/thei_sfc_logic_c0_for_body510_memread_c0_enter725_memread1582_aunroll_x/redist40_sync_in_aunroll_x_in_c0_eni215_200_4_mem_dmem File: /sim/tarsio/aocl-int16-4mul-lane1-20261008-4VZhoo/conv_pipe_int16_4mul/kernel_hdl/memRead/i_sfc_logic_c0_for_body510_memread_c0_enA0Zr725_memread1582.vhd Line: 10948
# ** Warning: (vsim-3016) Port type 'tri1' is incompatible with connection type 'tri0', coercing to 'tri0' (port 'clocken0').
#    Time: 0 fs  Iteration: 0  Instance: /memread_function_wrapper/thememRead_function/thebb_memRead_B3_aunroll_x/thebb_memRead_B3_stall_region/thei_sfc_c0_for_body510_memread_c0_enter725_memread_aunroll_x/thei_sfc_logic_c0_for_body510_memread_c0_enter725_memread1582_aunroll_x/redist39_sync_in_aunroll_x_in_c0_eni215_199_4_mem_dmem File: /sim/tarsio/aocl-int16-4mul-lane1-20261008-4VZhoo/conv_pipe_int16_4mul/kernel_hdl/memRead/i_sfc_logic_c0_for_body510_memread_c0_enA0Zr725_memread1582.vhd Line: 11094
# ** Warning: (vsim-3016) Port type 'tri1' is incompatible with connection type 'tri0', coercing to 'tri0' (port 'clocken0').
#    Time: 0 fs  Iteration: 0  Instance: /memread_function_wrapper/thememRead_function/thebb_memRead_B3_aunroll_x/thebb_memRead_B3_stall_region/thei_sfc_c0_for_body510_memread_c0_enter725_memread_aunroll_x/thei_sfc_logic_c0_for_body510_memread_c0_enter725_memread1582_aunroll_x/redist38_sync_in_aunroll_x_in_c0_eni215_198_4_mem_dmem File: /sim/tarsio/aocl-int16-4mul-lane1-20261008-4VZhoo/conv_pipe_int16_4mul/kernel_hdl/memRead/i_sfc_logic_c0_for_body510_memread_c0_enA0Zr725_memread1582.vhd Line: 11240
# ** Warning: (vsim-3016) Port type 'tri1' is incompatible with connection type 'tri0', coercing to 'tri0' (port 'clocken0').
#    Time: 0 fs  Iteration: 0  Instance: /memread_function_wrapper/thememRead_function/thebb_memRead_B3_aunroll_x/thebb_memRead_B3_stall_region/thei_sfc_c0_for_body510_memread_c0_enter725_memread_aunroll_x/thei_sfc_logic_c0_for_body510_memread_c0_enter725_memread1582_aunroll_x/redist37_sync_in_aunroll_x_in_c0_eni215_197_4_mem_dmem File: /sim/tarsio/aocl-int16-4mul-lane1-20261008-4VZhoo/conv_pipe_int16_4mul/kernel_hdl/memRead/i_sfc_logic_c0_for_body510_memread_c0_enA0Zr725_memread1582.vhd Line: 11386
# ** Warning: (vsim-3016) Port type 'tri1' is incompatible with connection type 'tri0', coercing to 'tri0' (port 'clocken0').
#    Time: 0 fs  Iteration: 0  Instance: /memread_function_wrapper/thememRead_function/thebb_memRead_B1/thebb_memRead_B1_stall_region/thei_sfc_c0_while_body_memread_c0_enter466_memread_aunroll_x/thei_sfc_logic_c0_while_body_memread_c0_enter466_memread27_aunroll_x/redist24_i_acl_pop_i16_out_idx_z_0537_pop23_memread_out_data_out_5_mem_dmem File: /sim/tarsio/aocl-int16-4mul-lane1-20261008-4VZhoo/conv_pipe_int16_4mul/kernel_hdl/memRead/i_sfc_logic_c0_while_body_memread_c0_enter466_memread27.vhd Line: 3534
# ** Warning: (vsim-3016) Port type 'tri1' is incompatible with connection type 'tri0', coercing to 'tri0' (port 'clocken0').
#    Time: 0 fs  Iteration: 0  Instance: /memread_function_wrapper/thememRead_function/thebb_memRead_B1/thebb_memRead_B1_stall_region/thei_sfc_c0_while_body_memread_c0_enter466_memread_aunroll_x/thei_sfc_logic_c0_while_body_memread_c0_enter466_memread27_aunroll_x/redist11_i_conv15_memread_vt_join_q_3_mem_dmem File: /sim/tarsio/aocl-int16-4mul-lane1-20261008-4VZhoo/conv_pipe_int16_4mul/kernel_hdl/memRead/i_sfc_logic_c0_while_body_memread_c0_enter466_memread27.vhd Line: 3825
# ** Warning: (vsim-3016) Port type 'tri1' is incompatible with connection type 'tri0', coercing to 'tri0' (port 'clocken0').
#    Time: 0 fs  Iteration: 0  Instance: /memread_function_wrapper/thememRead_function/thebb_memRead_B1/thebb_memRead_B1_stall_region/thei_sfc_c0_while_body_memread_c0_enter466_memread_aunroll_x/thei_sfc_logic_c0_while_body_memread_c0_enter466_memread27_aunroll_x/redist53_bgTrunc_i_add100_memread_sel_x_b_3_mem_dmem File: /sim/tarsio/aocl-int16-4mul-lane1-20261008-4VZhoo/conv_pipe_int16_4mul/kernel_hdl/memRead/i_sfc_logic_c0_while_body_memread_c0_enter466_memread27.vhd Line: 3888
# ** Warning: (vsim-3016) Port type 'tri1' is incompatible with connection type 'tri0', coercing to 'tri0' (port 'clocken0').
#    Time: 0 fs  Iteration: 0  Instance: /memread_function_wrapper/thememRead_function/thebb_memRead_B1/thebb_memRead_B1_stall_region/thei_sfc_c0_while_body_memread_c0_enter466_memread_aunroll_x/thei_sfc_logic_c0_while_body_memread_c0_enter466_memread27_aunroll_x/redist27_i_acl_pop_i16_gp_num_x_0535_pop25_memread_out_data_out_7_mem_dmem File: /sim/tarsio/aocl-int16-4mul-lane1-20261008-4VZhoo/conv_pipe_int16_4mul/kernel_hdl/memRead/i_sfc_logic_c0_while_body_memread_c0_enter466_memread27.vhd Line: 4904
# ** Warning: (vsim-3016) Port type 'tri1' is incompatible with connection type 'tri0', coercing to 'tri0' (port 'clocken0').
#    Time: 0 fs  Iteration: 0  Instance: /memread_function_wrapper/thememRead_function/thebb_memRead_B1/thebb_memRead_B1_stall_region/thei_sfc_c0_while_body_memread_c0_enter466_memread_aunroll_x/thei_sfc_logic_c0_while_body_memread_c0_enter466_memread27_aunroll_x/redist22_i_acl_pop_i16_win_itm_xyz_0547_pop14_memread_out_data_out_7_mem_dmem File: /sim/tarsio/aocl-int16-4mul-lane1-20261008-4VZhoo/conv_pipe_int16_4mul/kernel_hdl/memRead/i_sfc_logic_c0_while_body_memread_c0_enter466_memread27.vhd Line: 5022
# ** Warning: (vsim-3016) Port type 'tri1' is incompatible with connection type 'tri0', coercing to 'tri0' (port 'clocken0').
#    Time: 0 fs  Iteration: 0  Instance: /memread_function_wrapper/thememRead_function/thebb_memRead_B5_aunroll_x/thebb_memRead_B5_stall_region/thei_sfc_c0_for_end624_memread_c0_enter1053_memread_aunroll_x/thei_sfc_logic_c0_for_end624_memread_c0_enter1053_memread2523_aunroll_x/redist0_i_memcoalesce_null_bitcast_0151_memread_vt_select_17_b_6_mem_dmem File: /sim/tarsio/aocl-int16-4mul-lane1-20261008-4VZhoo/conv_pipe_int16_4mul/kernel_hdl/memRead/i_sfc_logic_c0_for_end624_memread_c0_entA0Z1053_memread2523.vhd Line: 1589
# ** Warning: (vsim-3016) Port type 'tri1' is incompatible with connection type 'tri0', coercing to 'tri0' (port 'clocken0').
#    Time: 0 fs  Iteration: 0  Instance: /memread_function_wrapper/thememRead_function/thebb_memRead_B5_aunroll_x/thebb_memRead_B5_stall_region/thei_sfc_c0_for_end624_memread_c0_enter1053_memread_aunroll_x/thei_sfc_logic_c0_for_end624_memread_c0_enter1053_memread2523_aunroll_x/redist4_i_acl_2089_memread_q_5_mem_dmem File: /sim/tarsio/aocl-int16-4mul-lane1-20261008-4VZhoo/conv_pipe_int16_4mul/kernel_hdl/memRead/i_sfc_logic_c0_for_end624_memread_c0_entA0Z1053_memread2523.vhd Line: 4145
# ** Warning: (vsim-3016) Port type 'tri1' is incompatible with connection type 'tri0', coercing to 'tri0' (port 'clocken0').
#    Time: 0 fs  Iteration: 0  Instance: /memread_function_wrapper/thememRead_function/thebb_memRead_B5_aunroll_x/thebb_memRead_B5_stall_region/thei_sfc_c0_for_end624_memread_c0_enter1053_memread_aunroll_x/thei_sfc_logic_c0_for_end624_memread_c0_enter1053_memread2523_aunroll_x/redist5_i_acl_2084_memread_q_5_mem_dmem File: /sim/tarsio/aocl-int16-4mul-lane1-20261008-4VZhoo/conv_pipe_int16_4mul/kernel_hdl/memRead/i_sfc_logic_c0_for_end624_memread_c0_entA0Z1053_memread2523.vhd Line: 4543
# ** Warning: (vsim-3016) Port type 'tri1' is incompatible with connection type 'tri0', coercing to 'tri0' (port 'clocken0').
#    Time: 0 fs  Iteration: 0  Instance: /memread_function_wrapper/thememRead_function/thebb_memRead_B5_aunroll_x/thebb_memRead_B5_stall_region/thei_sfc_c0_for_end624_memread_c0_enter1053_memread_aunroll_x/thei_sfc_logic_c0_for_end624_memread_c0_enter1053_memread2523_aunroll_x/redist6_i_acl_2079_memread_q_5_mem_dmem File: /sim/tarsio/aocl-int16-4mul-lane1-20261008-4VZhoo/conv_pipe_int16_4mul/kernel_hdl/memRead/i_sfc_logic_c0_for_end624_memread_c0_entA0Z1053_memread2523.vhd Line: 4656
# ** Warning: (vsim-3016) Port type 'tri1' is incompatible with connection type 'tri0', coercing to 'tri0' (port 'clocken0').
#    Time: 0 fs  Iteration: 0  Instance: /memread_function_wrapper/thememRead_function/thebb_memRead_B5_aunroll_x/thebb_memRead_B5_stall_region/thei_sfc_c0_for_end624_memread_c0_enter1053_memread_aunroll_x/thei_sfc_logic_c0_for_end624_memread_c0_enter1053_memread2523_aunroll_x/redist7_i_acl_2074_memread_q_5_mem_dmem File: /sim/tarsio/aocl-int16-4mul-lane1-20261008-4VZhoo/conv_pipe_int16_4mul/kernel_hdl/memRead/i_sfc_logic_c0_for_end624_memread_c0_entA0Z1053_memread2523.vhd Line: 4769
# ** Warning: (vsim-3016) Port type 'tri1' is incompatible with connection type 'tri0', coercing to 'tri0' (port 'clocken0').
#    Time: 0 fs  Iteration: 0  Instance: /memread_function_wrapper/thememRead_function/thebb_memRead_B5_aunroll_x/thebb_memRead_B5_stall_region/thei_sfc_c0_for_end624_memread_c0_enter1053_memread_aunroll_x/thei_sfc_logic_c0_for_end624_memread_c0_enter1053_memread2523_aunroll_x/redist8_i_acl_2069_memread_q_5_mem_dmem File: /sim/tarsio/aocl-int16-4mul-lane1-20261008-4VZhoo/conv_pipe_int16_4mul/kernel_hdl/memRead/i_sfc_logic_c0_for_end624_memread_c0_entA0Z1053_memread2523.vhd Line: 4882
# ** Warning: (vsim-3016) Port type 'tri1' is incompatible with connection type 'tri0', coercing to 'tri0' (port 'clocken0').
#    Time: 0 fs  Iteration: 0  Instance: /memread_function_wrapper/thememRead_function/thebb_memRead_B5_aunroll_x/thebb_memRead_B5_stall_region/thei_sfc_c0_for_end624_memread_c0_enter1053_memread_aunroll_x/thei_sfc_logic_c0_for_end624_memread_c0_enter1053_memread2523_aunroll_x/redist9_i_acl_2064_memread_q_5_mem_dmem File: /sim/tarsio/aocl-int16-4mul-lane1-20261008-4VZhoo/conv_pipe_int16_4mul/kernel_hdl/memRead/i_sfc_logic_c0_for_end624_memread_c0_entA0Z1053_memread2523.vhd Line: 4995
# ** Warning: (vsim-3016) Port type 'tri1' is incompatible with connection type 'tri0', coercing to 'tri0' (port 'clocken0').
#    Time: 0 fs  Iteration: 0  Instance: /memread_function_wrapper/thememRead_function/thebb_memRead_B5_aunroll_x/thebb_memRead_B5_stall_region/thei_sfc_c0_for_end624_memread_c0_enter1053_memread_aunroll_x/thei_sfc_logic_c0_for_end624_memread_c0_enter1053_memread2523_aunroll_x/redist48_bgTrunc_i_add816_5_memread_sel_x_b_9_mem_dmem File: /sim/tarsio/aocl-int16-4mul-lane1-20261008-4VZhoo/conv_pipe_int16_4mul/kernel_hdl/memRead/i_sfc_logic_c0_for_end624_memread_c0_entA0Z1053_memread2523.vhd Line: 5104
# ** Warning: (vsim-3016) Port type 'tri1' is incompatible with connection type 'tri0', coercing to 'tri0' (port 'clocken0').
#    Time: 0 fs  Iteration: 0  Instance: /memread_function_wrapper/thememRead_function/thebb_memRead_B5_aunroll_x/thebb_memRead_B5_stall_region/thei_sfc_c0_for_end624_memread_c0_enter1053_memread_aunroll_x/thei_sfc_logic_c0_for_end624_memread_c0_enter1053_memread2523_aunroll_x/redist50_bgTrunc_i_add816_4_memread_sel_x_b_9_mem_dmem File: /sim/tarsio/aocl-int16-4mul-lane1-20261008-4VZhoo/conv_pipe_int16_4mul/kernel_hdl/memRead/i_sfc_logic_c0_for_end624_memread_c0_entA0Z1053_memread2523.vhd Line: 5218
# ** Warning: (vsim-3016) Port type 'tri1' is incompatible with connection type 'tri0', coercing to 'tri0' (port 'clocken0').
#    Time: 0 fs  Iteration: 0  Instance: /memread_function_wrapper/thememRead_function/thebb_memRead_B5_aunroll_x/thebb_memRead_B5_stall_region/thei_sfc_c0_for_end624_memread_c0_enter1053_memread_aunroll_x/thei_sfc_logic_c0_for_end624_memread_c0_enter1053_memread2523_aunroll_x/redist52_bgTrunc_i_add816_3_memread_sel_x_b_8_mem_dmem File: /sim/tarsio/aocl-int16-4mul-lane1-20261008-4VZhoo/conv_pipe_int16_4mul/kernel_hdl/memRead/i_sfc_logic_c0_for_end624_memread_c0_entA0Z1053_memread2523.vhd Line: 5332
# ** Warning: (vsim-3016) Port type 'tri1' is incompatible with connection type 'tri0', coercing to 'tri0' (port 'clocken0').
#    Time: 0 fs  Iteration: 0  Instance: /memread_function_wrapper/thememRead_function/thebb_memRead_B5_aunroll_x/thebb_memRead_B5_stall_region/thei_sfc_c0_for_end624_memread_c0_enter1053_memread_aunroll_x/thei_sfc_logic_c0_for_end624_memread_c0_enter1053_memread2523_aunroll_x/redist54_bgTrunc_i_add816_2_memread_sel_x_b_9_mem_dmem File: /sim/tarsio/aocl-int16-4mul-lane1-20261008-4VZhoo/conv_pipe_int16_4mul/kernel_hdl/memRead/i_sfc_logic_c0_for_end624_memread_c0_entA0Z1053_memread2523.vhd Line: 5446
# ** Warning: (vsim-3016) Port type 'tri1' is incompatible with connection type 'tri0', coercing to 'tri0' (port 'clocken0').
#    Time: 0 fs  Iteration: 0  Instance: /memread_function_wrapper/thememRead_function/thebb_memRead_B5_aunroll_x/thebb_memRead_B5_stall_region/thei_sfc_c0_for_end624_memread_c0_enter1053_memread_aunroll_x/thei_sfc_logic_c0_for_end624_memread_c0_enter1053_memread2523_aunroll_x/redist56_bgTrunc_i_add816_1_memread_sel_x_b_8_mem_dmem File: /sim/tarsio/aocl-int16-4mul-lane1-20261008-4VZhoo/conv_pipe_int16_4mul/kernel_hdl/memRead/i_sfc_logic_c0_for_end624_memread_c0_entA0Z1053_memread2523.vhd Line: 5560
# ** Warning: (vsim-3016) Port type 'tri1' is incompatible with connection type 'tri0', coercing to 'tri0' (port 'clocken0').
#    Time: 0 fs  Iteration: 0  Instance: /memread_function_wrapper/thememRead_function/thebb_memRead_B5_aunroll_x/thebb_memRead_B5_stall_region/thei_sfc_c0_for_end624_memread_c0_enter1053_memread_aunroll_x/thei_sfc_logic_c0_for_end624_memread_c0_enter1053_memread2523_aunroll_x/redist46_bgTrunc_i_add816_memread_sel_x_b_8_mem_dmem File: /sim/tarsio/aocl-int16-4mul-lane1-20261008-4VZhoo/conv_pipe_int16_4mul/kernel_hdl/memRead/i_sfc_logic_c0_for_end624_memread_c0_entA0Z1053_memread2523.vhd Line: 5674
# run 0 ns
#  quit -f
# End time: 20:23:13 on Oct 08,2026, Elapsed time: 0:00:02
# Errors: 0, Warnings: 28
