Reading pref.tcl

# 2023.4

# vsim -modelsimini libs/modelsim.ini -t 1fs -L work -L altera_mf_ver -L lpm_ver -L altera_lnsim_ver -L sgate_ver -L stratixv_ver -L altera_ver -L altera_mf -L altera_lnsim -L lpm -c work.tb_st_write_adapter_opt -do "run 80 ns; quit -f" 
# Start time: 21:06:59 on Oct 08,2026
# //  Questa Sim-64
# //  Version 2023.4 linux_x86_64 Oct  9 2023
# //
# //  Copyright 1991-2023 Mentor Graphics Corporation
# //  All Rights Reserved.
# //
# //  QuestaSim and its associated documentation contain trade
# //  secrets and commercial or financial information that are the property of
# //  Mentor Graphics Corporation and are privileged, confidential,
# //  and exempt from disclosure under the Freedom of Information Act,
# //  5 U.S.C. Section 552. Furthermore, this information
# //  is prohibited from disclosure under the Trade Secrets Act,
# //  18 U.S.C. Section 1905.
# //
# Loading std.standard
# Loading std.textio(body)
# Loading ieee.std_logic_1164(body)
# Loading ieee.numeric_std(body)
# Loading ieee.math_real(body)
# Loading work.dspba_library_package
# Loading altera_mf.altera_mf_components
# Loading altera_lnsim.altera_lnsim_components
# Loading lpm.lpm_components
# Loading work.tb_st_write_adapter(test)#1
# Loading sv_std.std
# Loading work.st_write(fast)
# run 80 ns
# ** Note: PASS: st_write adapter packed, stalled, and accepted one channel word
#    Time: 47 ns  Iteration: 0  Instance: /tb_st_write_adapter
#  quit -f
# End time: 21:06:59 on Oct 08,2026, Elapsed time: 0:00:00
# Errors: 0, Warnings: 0
