============================================================
  Generated by:           Genus(TM) Synthesis Solution 21.12-s068_1
  Generated on:           Oct 07 2026  05:26:02 pm
  Module:                 pipecnn_memread_conv_slice
  Operating conditions:   tt0p9v25c 
  Interconnect mode:      global
  Area mode:              physical library
============================================================


Path 1: MET (0 ps) Setup Check with Pin accumulator/result_reg[304]/CP->D
           View: analysis_view_0p90v_25c_captyp_nominal
          Group: clk
     Startpoint: (R) compute/g_output_lane[6].g_transform_position[3].g_custom_mac_lane.g_four_product_group[1].mac4/sum_q_reg[1]/CP
          Clock: (R) clk
       Endpoint: (R) accumulator/result_reg[304]/D
          Clock: (R) clk

                     Capture       Launch     
        Clock Edge:+    2000            0     
       Src Latency:+       0            0     
       Net Latency:+       0 (I)        0 (I) 
           Arrival:=    2000            0     
                                              
             Setup:-      14                  
     Required Time:=    1986                  
      Launch Clock:-       0                  
         Data Path:-    1986                  
             Slack:=       0                  

#-------------------------------------------------------------------------------------------------------------------------------------------------------------------------------------------------------
#                                                  Timing Point                                                   Flags    Arc   Edge          Cell            Fanout Load Trans Delay Arrival Instance 
#                                                                                                                                                                     (fF)  (ps)  (ps)   (ps)  Location 
#-------------------------------------------------------------------------------------------------------------------------------------------------------------------------------------------------------
  compute/g_output_lane[6].g_transform_position[3].g_custom_mac_lane.g_four_product_group[1].mac4/sum_q_reg[1]/CP -       -      R     (arrival)                86475    -     0     0       0    (-,-) 
  compute/g_output_lane[6].g_transform_position[3].g_custom_mac_lane.g_four_product_group[1].mac4/sum_q_reg[1]/Q  -       CP->Q  F     DFQD2BWP30P140               2  3.5    10    49      49    (-,-) 
  compute/g24587/ZN                                                                                               -       A2->ZN F     XNR2OPTND2BWP30P140          2  4.1    28    24      72    (-,-) 
  compute/csa_tree_add_86_25_I7_I4_groupi_g5348/Z                                                                 -       A2->Z  F     XOR2OPTND4BWP30P140          2  4.7    24    25      97    (-,-) 
  compute/csa_tree_add_86_25_I7_I4_groupi_g5314/ZN                                                                -       A1->ZN R     NR2D3BWP30P140               2  5.5    20    19     116    (-,-) 
  compute/csa_tree_add_86_25_I7_I4_groupi_g5305/ZN                                                                -       B1->ZN F     INR2D4BWP30P140              1  5.0    11    10     126    (-,-) 
  compute/csa_tree_add_86_25_I7_I4_groupi_g5297/Z                                                                 -       A1->Z  F     XOR2OPTND6BWP30P140          7 12.2    30    19     145    (-,-) 
  compute/g_output_lane[6].output_transform/csa_tree_add_33_35_groupi_g6000/ZN                                    -       I->ZN  R     CKND3BWP30P140               3  5.5    15    15     160    (-,-) 
  compute/g_output_lane[6].output_transform/csa_tree_add_33_35_groupi_g5996/ZN                                    -       I1->ZN F     MUX2NOPTD4BWP30P140          1  3.1    19    13     173    (-,-) 
  compute/g_output_lane[6].output_transform/csa_tree_add_33_35_groupi_g5942/S                                     -       CI->S  R     FA1D4BWP30P140               1  3.1    16    55     228    (-,-) 
  compute/g_output_lane[6].output_transform/csa_tree_add_33_35_groupi_g5839/CO                                    -       CI->CO R     FA1D4BWP30P140               1  2.3    10    26     254    (-,-) 
  compute/g_output_lane[6].output_transform/csa_tree_add_33_35_groupi_g5838/CO                                    -       CI->CO R     FA1D1BWP30P140               1  2.8    18    29     283    (-,-) 
  compute/g_output_lane[6].output_transform/csa_tree_add_33_35_groupi_g5837/CO                                    -       CI->CO R     FA1OPTCD2BWP30P140           1  3.1    14    22     305    (-,-) 
  compute/g_output_lane[6].output_transform/csa_tree_add_33_35_groupi_g5836/CO                                    -       CI->CO R     FA1D4BWP30P140               1  3.1    11    26     331    (-,-) 
  compute/g_output_lane[6].output_transform/csa_tree_add_33_35_groupi_g5835/CO                                    -       CI->CO R     FA1D4BWP30P140               1  4.4    12    26     357    (-,-) 
  compute/g_output_lane[6].output_transform/csa_tree_add_33_35_groupi_g5834/CO                                    -       B->CO  R     FA1D4BWP30P140               1  2.8    11    27     384    (-,-) 
  compute/g_output_lane[6].output_transform/csa_tree_add_33_35_groupi_g5833/CO                                    -       CI->CO R     FA1OPTCD2BWP30P140           1  2.3    13    19     403    (-,-) 
  compute/g_output_lane[6].output_transform/csa_tree_add_33_35_groupi_g5832/CO                                    -       CI->CO R     FA1D1BWP30P140               2  3.2    20    31     434    (-,-) 
  compute/g_output_lane[6].output_transform/csa_tree_add_33_35_groupi_g5830/Z                                     -       A1->Z  R     AO21D1BWP30P140              2  3.2    17    25     459    (-,-) 
  compute/g_output_lane[6].output_transform/csa_tree_add_33_35_groupi_g5828/Z                                     -       A2->Z  R     AO21D2BWP30P140              2  4.4    13    25     485    (-,-) 
  compute/g_output_lane[6].output_transform/csa_tree_add_33_35_groupi_g5826/ZN                                    -       A1->ZN F     AOI21D4BWP30P140             2  3.6    15    12     497    (-,-) 
  compute/g_output_lane[6].output_transform/csa_tree_add_33_35_groupi_g5825/ZN                                    -       I->ZN  R     INVD2BWP30P140               1  1.9     8     8     505    (-,-) 
  compute/g_output_lane[6].output_transform/csa_tree_add_33_35_groupi_g5823/ZN                                    -       A1->ZN F     AOI21D2BWP30P140             2  3.2    18    13     518    (-,-) 
  compute/g_output_lane[6].output_transform/csa_tree_add_33_35_groupi_g5822/ZN                                    -       I->ZN  R     INVD2BWP30P140               1  2.7    10    10     529    (-,-) 
  compute/g_output_lane[6].output_transform/csa_tree_add_33_35_groupi_g5820/ZN                                    -       A1->ZN F     AOI21D4BWP30P140             2  3.1    14    11     540    (-,-) 
  compute/g_output_lane[6].output_transform/csa_tree_add_33_35_groupi_g5819/ZN                                    -       I->ZN  R     INVD2BWP30P140               1  2.7     9     9     549    (-,-) 
  compute/g_output_lane[6].output_transform/csa_tree_add_33_35_groupi_g5817/ZN                                    -       A1->ZN F     AOI21D4BWP30P140             2  3.5    14    11     560    (-,-) 
  compute/g_output_lane[6].output_transform/csa_tree_add_33_35_groupi_g5816/ZN                                    -       I->ZN  R     CKND2BWP30P140               1  2.7     9    10     570    (-,-) 
  compute/g_output_lane[6].output_transform/csa_tree_add_33_35_groupi_g5814/ZN                                    -       A1->ZN F     AOI21D4BWP30P140             2  3.5    14    12     582    (-,-) 
  compute/g_output_lane[6].output_transform/csa_tree_add_33_35_groupi_g5813/ZN                                    -       I->ZN  R     CKND2BWP30P140               1  2.7     9    10     592    (-,-) 
  compute/g_output_lane[6].output_transform/csa_tree_add_33_35_groupi_g5811/ZN                                    -       A1->ZN F     AOI21D4BWP30P140             2  3.5    14    12     603    (-,-) 
  compute/g_output_lane[6].output_transform/csa_tree_add_33_35_groupi_g5810/ZN                                    -       I->ZN  R     CKND2BWP30P140               1  2.7     9    10     613    (-,-) 
  compute/g_output_lane[6].output_transform/csa_tree_add_33_35_groupi_g5808/ZN                                    -       A1->ZN F     AOI21D4BWP30P140             2  3.6    14    12     625    (-,-) 
  compute/g_output_lane[6].output_transform/csa_tree_add_33_35_groupi_g5807/ZN                                    -       A1->ZN R     NR2D2BWP30P140               1  1.9    13    12     637    (-,-) 
  compute/g_output_lane[6].output_transform/csa_tree_add_33_35_groupi_g5805/ZN                                    -       A1->ZN F     NR2D2BWP30P140               2  3.1    12    10     646    (-,-) 
  compute/g_output_lane[6].output_transform/csa_tree_add_33_35_groupi_g5803/Z                                     -       A1->Z  F     OA21D2BWP30P140              2  4.1    12    22     669    (-,-) 
  compute/g_output_lane[6].output_transform/csa_tree_add_33_35_groupi_g5802/ZN                                    -       I->ZN  R     CKND3BWP30P140               1  3.5     8     9     678    (-,-) 
  compute/g_output_lane[6].output_transform/csa_tree_add_33_35_groupi_g5800/ZN                                    -       A1->ZN F     AOI21D6BWP30P140             2  3.5    13    10     688    (-,-) 
  compute/g_output_lane[6].output_transform/csa_tree_add_33_35_groupi_g5799/ZN                                    -       I->ZN  R     CKND2BWP30P140               1  3.5    11    11     698    (-,-) 
  compute/g_output_lane[6].output_transform/csa_tree_add_33_35_groupi_g5797/ZN                                    -       A1->ZN F     AOI21D6BWP30P140             2  4.1    14    11     709    (-,-) 
  compute/g_output_lane[6].output_transform/csa_tree_add_33_35_groupi_g5796/ZN                                    -       I->ZN  R     INVD3BWP30P140               1  3.5     8     9     718    (-,-) 
  compute/g_output_lane[6].output_transform/csa_tree_add_33_35_groupi_g5794/ZN                                    -       A1->ZN F     AOI21D6BWP30P140             2  4.1    14    10     728    (-,-) 
  compute/g_output_lane[6].output_transform/csa_tree_add_33_35_groupi_g5793/ZN                                    -       I->ZN  R     INVD3BWP30P140               1  2.7     8     8     736    (-,-) 
  compute/g_output_lane[6].output_transform/csa_tree_add_33_35_groupi_g5791/ZN                                    -       A1->ZN F     AOI21D4BWP30P140             2  4.0    15    12     748    (-,-) 
  compute/g_output_lane[6].output_transform/csa_tree_add_33_35_groupi_g5790/ZN                                    -       A1->ZN R     NR2D3BWP30P140               1  2.7    13    12     760    (-,-) 
  compute/g_output_lane[6].output_transform/csa_tree_add_33_35_groupi_g5788/ZN                                    -       A1->ZN F     NR2D4BWP30P140               2  4.0    11     8     767    (-,-) 
  compute/g_output_lane[6].output_transform/csa_tree_add_33_35_groupi_g5787/ZN                                    -       A1->ZN R     NR2D3BWP30P140               1  2.9    13    11     778    (-,-) 
  compute/g_output_lane[6].output_transform/csa_tree_add_33_35_groupi_g5785/ZN                                    -       A1->ZN F     NR2OPTPAD4BWP30P140          2  4.1    12     8     786    (-,-) 
  compute/g_output_lane[6].output_transform/csa_tree_add_33_35_groupi_g5784/ZN                                    -       I->ZN  R     INVD2BWP30P140               1  2.7     9     9     795    (-,-) 
  compute/g_output_lane[6].output_transform/csa_tree_add_33_35_groupi_g5782/ZN                                    -       A1->ZN F     AOI21D4BWP30P140             2  4.1    17    12     807    (-,-) 
  compute/g_output_lane[6].output_transform/csa_tree_add_33_35_groupi_g5781/ZN                                    -       I->ZN  R     CKND3BWP30P140               1  3.5     9    10     817    (-,-) 
  compute/g_output_lane[6].output_transform/csa_tree_add_33_35_groupi_g5779/ZN                                    -       A1->ZN F     AOI21D6BWP30P140             2  4.1    17    11     828    (-,-) 
  compute/g_output_lane[6].output_transform/csa_tree_add_33_35_groupi_g5778/ZN                                    -       I->ZN  R     INVD2BWP30P140               1  1.9     8     9     836    (-,-) 
  compute/g_output_lane[6].output_transform/csa_tree_add_33_35_groupi_g5776/ZN                                    -       A1->ZN F     OAI21D2BWP30P140             1  2.0    19    11     848    (-,-) 
  compute/g46737/Z                                                                                                -       A1->Z  F     AO21D4BWP30P140              8  9.7    15    26     873    (-,-) 
  accumulator/postprocess_88_64_I7_I3:sra_43_40_g3977/ZN                                                          -       A1->ZN R     ND2D3BWP30P140               2  3.2    39     9     882    (-,-) 
  accumulator/postprocess_88_64_I7_I3:sra_43_40_g3915/Z                                                           -       B->Z   R     OA21D2BWP30P140              2  3.0    17    32     914    (-,-) 
  accumulator/postprocess_88_64_I7_I3:sra_43_40_g3892/ZN                                                          -       A1->ZN F     MOAI22D2BWP30P140            2  2.7    31    16     930    (-,-) 
  accumulator/postprocess_88_64_I7_I3:sra_43_40_g3865/ZN                                                          -       I1->ZN R     MUX2ND2BWP30P140             2  3.0    10    35     965    (-,-) 
  accumulator/postprocess_88_64_I7_I3:sra_43_40_g3818/ZN                                                          -       A1->ZN F     OAI21OPTREPBD1BWP30P140      1  1.5    23    14     979    (-,-) 
  accumulator/g143090/Z                                                                                           -       I1->Z  F     CKMUX2D1BWP30P140            1  2.2    17    31    1010    (-,-) 
  accumulator/addinc_postprocess_88_64_I7_I3:add_52_70_g775/CO                                                    -       CI->CO F     FA1D1BWP30P140               1  2.2    20    32    1042    (-,-) 
  accumulator/addinc_postprocess_88_64_I7_I3:add_52_70_g774/CO                                                    -       CI->CO F     FA1D1BWP30P140               1  2.2    17    33    1076    (-,-) 
  accumulator/addinc_postprocess_88_64_I7_I3:add_52_70_g773/CO                                                    -       CI->CO F     FA1D1BWP30P140               1  2.7    19    34    1109    (-,-) 
  accumulator/addinc_postprocess_88_64_I7_I3:add_52_70_g772/CO                                                    -       CI->CO F     FA1OPTCD1BWP30P140           1  2.7    18    26    1135    (-,-) 
  accumulator/addinc_postprocess_88_64_I7_I3:add_52_70_g771/CO                                                    -       CI->CO F     FA1OPTCD1BWP30P140           1  2.7    19    26    1161    (-,-) 
  accumulator/addinc_postprocess_88_64_I7_I3:add_52_70_g770/CO                                                    -       CI->CO F     FA1OPTCD1BWP30P140           1  2.7    18    26    1186    (-,-) 
  accumulator/addinc_postprocess_88_64_I7_I3:add_52_70_g769/CO                                                    -       CI->CO F     FA1OPTCD1BWP30P140           1  2.7    18    26    1212    (-,-) 
  accumulator/addinc_postprocess_88_64_I7_I3:add_52_70_g768/CO                                                    -       CI->CO F     FA1OPTCD1BWP30P140           1  2.7    18    26    1238    (-,-) 
  accumulator/addinc_postprocess_88_64_I7_I3:add_52_70_g767/CO                                                    -       CI->CO F     FA1OPTCD1BWP30P140           1  2.7    18    26    1264    (-,-) 
  accumulator/addinc_postprocess_88_64_I7_I3:add_52_70_g766/CO                                                    -       CI->CO F     FA1OPTCD2BWP30P140           1  2.7    14    21    1285    (-,-) 
  accumulator/addinc_postprocess_88_64_I7_I3:add_52_70_g765/CO                                                    -       CI->CO F     FA1OPTCD2BWP30P140           1  2.7    14    20    1304    (-,-) 
  accumulator/addinc_postprocess_88_64_I7_I3:add_52_70_g764/CO                                                    -       CI->CO F     FA1OPTCD1BWP30P140           1  2.7    18    24    1329    (-,-) 
  accumulator/addinc_postprocess_88_64_I7_I3:add_52_70_g763/CO                                                    -       CI->CO F     FA1OPTCD2BWP30P140           1  2.7    14    21    1350    (-,-) 
  accumulator/addinc_postprocess_88_64_I7_I3:add_52_70_g762/CO                                                    -       CI->CO F     FA1OPTCD2BWP30P140           1  2.7    14    20    1370    (-,-) 
  accumulator/addinc_postprocess_88_64_I7_I3:add_52_70_g761/CO                                                    -       CI->CO F     FA1OPTCD2BWP30P140           1  2.7    14    20    1389    (-,-) 
  accumulator/addinc_postprocess_88_64_I7_I3:add_52_70_g760/CO                                                    -       CI->CO F     FA1OPTCD1BWP30P140           1  2.7    18    24    1414    (-,-) 
  accumulator/addinc_postprocess_88_64_I7_I3:add_52_70_g759/CO                                                    -       CI->CO F     FA1OPTCD1BWP30P140           1  2.2    17    24    1438    (-,-) 
  accumulator/addinc_postprocess_88_64_I7_I3:add_52_70_g758/CO                                                    -       CI->CO F     FA1D1BWP30P140               1  2.2    17    32    1470    (-,-) 
  accumulator/addinc_postprocess_88_64_I7_I3:add_52_70_g757/CO                                                    -       CI->CO F     FA1D1BWP30P140               1  2.2    17    32    1503    (-,-) 
  accumulator/addinc_postprocess_88_64_I7_I3:add_52_70_g756/CO                                                    -       CI->CO F     FA1D1BWP30P140               1  2.7    18    34    1536    (-,-) 
  accumulator/addinc_postprocess_88_64_I7_I3:add_52_70_g755/CO                                                    -       CI->CO F     FA1OPTCD2BWP30P140           1  2.2    13    20    1557    (-,-) 
  accumulator/addinc_postprocess_88_64_I7_I3:add_52_70_g754/CO                                                    -       CI->CO F     FA1D1BWP30P140               1  2.7    21    32    1589    (-,-) 
  accumulator/addinc_postprocess_88_64_I7_I3:add_52_70_g753/CO                                                    -       CI->CO F     FA1OPTCD2BWP30P140           1  2.7    16    22    1611    (-,-) 
  accumulator/addinc_postprocess_88_64_I7_I3:add_52_70_g752/CO                                                    -       CI->CO F     FA1OPTCD2BWP30P140           1  2.2    13    20    1630    (-,-) 
  accumulator/addinc_postprocess_88_64_I7_I3:add_52_70_g751/CO                                                    -       CI->CO F     FA1D1BWP30P140               1  2.2    17    31    1661    (-,-) 
  accumulator/addinc_postprocess_88_64_I7_I3:add_52_70_g750/CO                                                    -       CI->CO F     FA1D1BWP30P140               1  2.2    17    32    1694    (-,-) 
  accumulator/addinc_postprocess_88_64_I7_I3:add_52_70_g749/CO                                                    -       CI->CO F     FA1D1BWP30P140               1  2.2    17    32    1726    (-,-) 
  accumulator/addinc_postprocess_88_64_I7_I3:add_52_70_g748/S                                                     -       CI->S  R     FA1D1BWP30P140               2  3.0    24    57    1783    (-,-) 
  accumulator/g301886/ZN                                                                                          -       A1->ZN F     ND4D1BWP30P140               1  1.4    35    26    1809    (-,-) 
  accumulator/g295695/ZN                                                                                          -       B2->ZN R     INR3D0BWP30P140              1  1.4    39    34    1843    (-,-) 
  accumulator/g295067/Z                                                                                           -       A2->Z  R     AN4D1BWP30P140               1  1.4    17    43    1886    (-,-) 
  accumulator/g294297/ZN                                                                                          -       A1->ZN F     AOI31D1BWP30P140             1  1.8    30    22    1908    (-,-) 
  accumulator/g294098/ZN                                                                                          -       A1->ZN R     NR2D1P5BWP30P140             7  7.6    42    34    1942    (-,-) 
  accumulator/g292909/ZN                                                                                          -       B1->ZN F     AOI221D1BWP30P140            1  1.5    33    29    1971    (-,-) 
  accumulator/g263247/ZN                                                                                          -       B1->ZN R     IND2D1BWP30P140              1  1.5    15    15    1986    (-,-) 
  accumulator/result_reg[304]/D                                                                                   <<<     -      R     DFD1BWP30P140                1    -     -     0    1986    (-,-) 
#-------------------------------------------------------------------------------------------------------------------------------------------------------------------------------------------------------


