============================================================
  Generated by:           Genus(TM) Synthesis Solution 21.12-s068_1
  Generated on:           Oct 07 2026  05:25:36 pm
  Module:                 pipecnn_memread_conv_slice
  Library domain:         timing_cond_0p90v_25c
    Domain index:         0
    Technology library:   tcbn28hpcplusbwp30p140tt0p9v25c 110
  Operating conditions:   tt0p9v25c 
  Interconnect mode:      global
  Area mode:              physical library
============================================================

                                                                                    Library 
          Gate            Instances     Area                   Library               Domain 
--------------------------------------------------------------------------------------------
AN2D0BWP30P140                    3        1.512    tcbn28hpcplusbwp30p140tt0p9v25c       0 
AN2D16BWP30P140                   9       30.618    tcbn28hpcplusbwp30p140tt0p9v25c       0 
AN2D1BWP30P140                 7748     3904.992    tcbn28hpcplusbwp30p140tt0p9v25c       0 
AN2D2BWP30P140                 1183      745.290    tcbn28hpcplusbwp30p140tt0p9v25c       0 
AN2D4BWP30P140                  518      587.412    tcbn28hpcplusbwp30p140tt0p9v25c       0 
AN2D6BWP30P140                    2        2.772    tcbn28hpcplusbwp30p140tt0p9v25c       0 
AN2D8BWP30P140                  113      213.570    tcbn28hpcplusbwp30p140tt0p9v25c       0 
AN3D0BWP30P140                    2        1.260    tcbn28hpcplusbwp30p140tt0p9v25c       0 
AN3D1BWP30P140                  347      218.610    tcbn28hpcplusbwp30p140tt0p9v25c       0 
AN3D2BWP30P140                    2        1.512    tcbn28hpcplusbwp30p140tt0p9v25c       0 
AN4D0BWP30P140                    4        3.024    tcbn28hpcplusbwp30p140tt0p9v25c       0 
AN4D1BWP30P140                 1201      907.956    tcbn28hpcplusbwp30p140tt0p9v25c       0 
AN4D2BWP30P140                   42       37.044    tcbn28hpcplusbwp30p140tt0p9v25c       0 
AO211D0BWP30P140                  2        1.512    tcbn28hpcplusbwp30p140tt0p9v25c       0 
AO211D1BWP30P140               1685     1273.860    tcbn28hpcplusbwp30p140tt0p9v25c       0 
AO211D2BWP30P140                122      107.604    tcbn28hpcplusbwp30p140tt0p9v25c       0 
AO211D4BWP30P140                  3        4.914    tcbn28hpcplusbwp30p140tt0p9v25c       0 
AO21D0BWP30P140                   8        5.040    tcbn28hpcplusbwp30p140tt0p9v25c       0 
AO21D1BWP30P140                2298     1447.740    tcbn28hpcplusbwp30p140tt0p9v25c       0 
AO21D2BWP30P140                1313      992.628    tcbn28hpcplusbwp30p140tt0p9v25c       0 
AO21D4BWP30P140                 546      756.756    tcbn28hpcplusbwp30p140tt0p9v25c       0 
AO22D0BWP30P140               31374    23718.744    tcbn28hpcplusbwp30p140tt0p9v25c       0 
AO22D1BWP30P140                  96       84.672    tcbn28hpcplusbwp30p140tt0p9v25c       0 
AO22D2BWP30P140                 324      326.592    tcbn28hpcplusbwp30p140tt0p9v25c       0 
AO22D4BWP30P140                 222      391.608    tcbn28hpcplusbwp30p140tt0p9v25c       0 
AO22D8BWP30P140                   1        2.772    tcbn28hpcplusbwp30p140tt0p9v25c       0 
AOI211D1BWP30P140                12        7.560    tcbn28hpcplusbwp30p140tt0p9v25c       0 
AOI211D4BWP30P140                 2        4.536    tcbn28hpcplusbwp30p140tt0p9v25c       0 
AOI211D6BWP30P140                 7       22.932    tcbn28hpcplusbwp30p140tt0p9v25c       0 
AOI211OPTREPBD2BWP30P140          1        1.764    tcbn28hpcplusbwp30p140tt0p9v25c       0 
AOI211OPTREPBD4BWP30P140          4       14.112    tcbn28hpcplusbwp30p140tt0p9v25c       0 
AOI21D0BWP30P140                 11        5.544    tcbn28hpcplusbwp30p140tt0p9v25c       0 
AOI21D0P7BWP30P140               34       17.136    tcbn28hpcplusbwp30p140tt0p9v25c       0 
AOI21D1BWP30P140              13222     6663.888    tcbn28hpcplusbwp30p140tt0p9v25c       0 
AOI21D1P5BWP30P140               35       30.870    tcbn28hpcplusbwp30p140tt0p9v25c       0 
AOI21D2BWP30P140                560      493.920    tcbn28hpcplusbwp30p140tt0p9v25c       0 
AOI21D4BWP30P140               1072     1891.008    tcbn28hpcplusbwp30p140tt0p9v25c       0 
AOI21D6BWP30P140                741     1867.320    tcbn28hpcplusbwp30p140tt0p9v25c       0 
AOI21D8BWP30P140                 83      271.908    tcbn28hpcplusbwp30p140tt0p9v25c       0 
AOI21OPTREPBD1BWP30P140         159      120.204    tcbn28hpcplusbwp30p140tt0p9v25c       0 
AOI21OPTREPBD2BWP30P140          52       72.072    tcbn28hpcplusbwp30p140tt0p9v25c       0 
AOI21OPTREPBD4BWP30P140          22       58.212    tcbn28hpcplusbwp30p140tt0p9v25c       0 
AOI21OPTREPBD6BWP30P140          19       74.214    tcbn28hpcplusbwp30p140tt0p9v25c       0 
AOI221D0BWP30P140                 6        4.536    tcbn28hpcplusbwp30p140tt0p9v25c       0 
AOI221D1BWP30P140              3003     2270.268    tcbn28hpcplusbwp30p140tt0p9v25c       0 
AOI221D2BWP30P140               837     1265.544    tcbn28hpcplusbwp30p140tt0p9v25c       0 
AOI221D4BWP30P140                 1        2.898    tcbn28hpcplusbwp30p140tt0p9v25c       0 
AOI222D0BWP30P140                36       36.288    tcbn28hpcplusbwp30p140tt0p9v25c       0 
AOI222D1BWP30P140              4038     4070.304    tcbn28hpcplusbwp30p140tt0p9v25c       0 
AOI22D0P7BWP30P140                1        0.630    tcbn28hpcplusbwp30p140tt0p9v25c       0 
AOI22D1BWP30P140               6522     4108.860    tcbn28hpcplusbwp30p140tt0p9v25c       0 
AOI22D1P5BWP30P140               15       17.010    tcbn28hpcplusbwp30p140tt0p9v25c       0 
AOI22D2BWP30P140                 47       53.298    tcbn28hpcplusbwp30p140tt0p9v25c       0 
AOI22D4BWP30P140                 44       99.792    tcbn28hpcplusbwp30p140tt0p9v25c       0 
AOI22D6BWP30P140                  3        9.828    tcbn28hpcplusbwp30p140tt0p9v25c       0 
AOI31D1BWP30P140                306      192.780    tcbn28hpcplusbwp30p140tt0p9v25c       0 
AOI31D2BWP30P140                 53       60.102    tcbn28hpcplusbwp30p140tt0p9v25c       0 
AOI31D4BWP30P140                 31       70.308    tcbn28hpcplusbwp30p140tt0p9v25c       0 
AOI32D1BWP30P140               1148      867.888    tcbn28hpcplusbwp30p140tt0p9v25c       0 
BUFFD12BWP30P140                 88      188.496    tcbn28hpcplusbwp30p140tt0p9v25c       0 
BUFFD16BWP30P140                  6       16.632    tcbn28hpcplusbwp30p140tt0p9v25c       0 
BUFFD1BWP30P140                   7        2.646    tcbn28hpcplusbwp30p140tt0p9v25c       0 
BUFFD1P5BWP30P140               754      380.016    tcbn28hpcplusbwp30p140tt0p9v25c       0 
BUFFD2BWP30P140                 131       66.024    tcbn28hpcplusbwp30p140tt0p9v25c       0 
BUFFD3BWP30P140                 157       98.910    tcbn28hpcplusbwp30p140tt0p9v25c       0 
BUFFD4BWP30P140                1780     1569.960    tcbn28hpcplusbwp30p140tt0p9v25c       0 
BUFFD6BWP30P140                 123      139.482    tcbn28hpcplusbwp30p140tt0p9v25c       0 
BUFFD8BWP30P140                 173      261.576    tcbn28hpcplusbwp30p140tt0p9v25c       0 
CKAN2D0BWP30P140                 16        8.064    tcbn28hpcplusbwp30p140tt0p9v25c       0 
CKAN2D1BWP30P140              11077     5582.808    tcbn28hpcplusbwp30p140tt0p9v25c       0 
CKAN2D2BWP30P140                242      152.460    tcbn28hpcplusbwp30p140tt0p9v25c       0 
CKAN2D4BWP30P140                  9        7.938    tcbn28hpcplusbwp30p140tt0p9v25c       0 
CKAN2D8BWP30P140                  8       11.088    tcbn28hpcplusbwp30p140tt0p9v25c       0 
CKBD12BWP30P140                   1        2.142    tcbn28hpcplusbwp30p140tt0p9v25c       0 
CKBD1BWP30P140                 2298      868.644    tcbn28hpcplusbwp30p140tt0p9v25c       0 
CKBD2BWP30P140                  138       69.552    tcbn28hpcplusbwp30p140tt0p9v25c       0 
CKBD3BWP30P140                    7        4.410    tcbn28hpcplusbwp30p140tt0p9v25c       0 
CKBD4BWP30P140                   21       18.522    tcbn28hpcplusbwp30p140tt0p9v25c       0 
CKBD6BWP30P140                    5        5.670    tcbn28hpcplusbwp30p140tt0p9v25c       0 
CKBD8BWP30P140                   47       71.064    tcbn28hpcplusbwp30p140tt0p9v25c       0 
CKMUX2D0BWP30P140             16098    14198.436    tcbn28hpcplusbwp30p140tt0p9v25c       0 
CKMUX2D1BWP30P140                51       51.408    tcbn28hpcplusbwp30p140tt0p9v25c       0 
CKMUX2D2BWP30P140               118      133.812    tcbn28hpcplusbwp30p140tt0p9v25c       0 
CKMUX2D4BWP30P140               311      548.604    tcbn28hpcplusbwp30p140tt0p9v25c       0 
CKND12BWP30P140                  54       88.452    tcbn28hpcplusbwp30p140tt0p9v25c       0 
CKND16BWP30P140                  61      130.662    tcbn28hpcplusbwp30p140tt0p9v25c       0 
CKND1BWP30P140                33967     8559.684    tcbn28hpcplusbwp30p140tt0p9v25c       0 
CKND2BWP30P140                 5344     2020.032    tcbn28hpcplusbwp30p140tt0p9v25c       0 
CKND2D0BWP30P140                 31       11.718    tcbn28hpcplusbwp30p140tt0p9v25c       0 
CKND2D1BWP30P140               6587     2489.886    tcbn28hpcplusbwp30p140tt0p9v25c       0 
CKND2D2BWP30P140                 61       38.430    tcbn28hpcplusbwp30p140tt0p9v25c       0 
CKND2D3BWP30P140                 69       60.858    tcbn28hpcplusbwp30p140tt0p9v25c       0 
CKND2D4BWP30P140                 27       30.618    tcbn28hpcplusbwp30p140tt0p9v25c       0 
CKND2D8BWP30P140                 12       25.704    tcbn28hpcplusbwp30p140tt0p9v25c       0 
CKND3BWP30P140                 1254      632.016    tcbn28hpcplusbwp30p140tt0p9v25c       0 
CKND4BWP30P140                  516      325.080    tcbn28hpcplusbwp30p140tt0p9v25c       0 
CKND6BWP30P140                   75       66.150    tcbn28hpcplusbwp30p140tt0p9v25c       0 
CKND8BWP30P140                   36       40.824    tcbn28hpcplusbwp30p140tt0p9v25c       0 
CKXOR2D0BWP30P140                 4        4.032    tcbn28hpcplusbwp30p140tt0p9v25c       0 
CKXOR2D1BWP30P140                33       33.264    tcbn28hpcplusbwp30p140tt0p9v25c       0 
CKXOR2D2BWP30P140                39       44.226    tcbn28hpcplusbwp30p140tt0p9v25c       0 
CKXOR2D4BWP30P140                14       28.224    tcbn28hpcplusbwp30p140tt0p9v25c       0 
DCCKBD16BWP30P140              1543     8554.392    tcbn28hpcplusbwp30p140tt0p9v25c       0 
DCCKBD4BWP30P140                 29       51.156    tcbn28hpcplusbwp30p140tt0p9v25c       0 
DCCKBD8BWP30P140                  7       21.168    tcbn28hpcplusbwp30p140tt0p9v25c       0 
DCCKND16BWP30P140                38      162.792    tcbn28hpcplusbwp30p140tt0p9v25c       0 
DCCKND8BWP30P140                 10       22.680    tcbn28hpcplusbwp30p140tt0p9v25c       0 
DEL025D1BWP30P140                 1        0.378    tcbn28hpcplusbwp30p140tt0p9v25c       0 
DEL200MD1BWP30P140              124      390.600    tcbn28hpcplusbwp30p140tt0p9v25c       0 
DFD1BWP30P140                  8475    18153.450    tcbn28hpcplusbwp30p140tt0p9v25c       0 
DFD2BWP30P140                    21       47.628    tcbn28hpcplusbwp30p140tt0p9v25c       0 
DFD4BWP30P140                     1        2.898    tcbn28hpcplusbwp30p140tt0p9v25c       0 
DFKCND1BWP30P140                  2        4.284    tcbn28hpcplusbwp30p140tt0p9v25c       0 
DFKCND4BWP30P140                  1        2.898    tcbn28hpcplusbwp30p140tt0p9v25c       0 
DFKCNQD1BWP30P140               688     1387.008    tcbn28hpcplusbwp30p140tt0p9v25c       0 
DFKCNQD2BWP30P140               185      372.960    tcbn28hpcplusbwp30p140tt0p9v25c       0 
DFKCNQD4BWP30P140                15       35.910    tcbn28hpcplusbwp30p140tt0p9v25c       0 
DFQD1BWP30P140                51625    97571.250    tcbn28hpcplusbwp30p140tt0p9v25c       0 
DFQD2BWP30P140                23941    45248.490    tcbn28hpcplusbwp30p140tt0p9v25c       0 
DFQD4BWP30P140                 1465     3322.620    tcbn28hpcplusbwp30p140tt0p9v25c       0 
FA1D0BWP30P140                   44       94.248    tcbn28hpcplusbwp30p140tt0p9v25c       0 
FA1D1BWP30P140               213329   456950.718    tcbn28hpcplusbwp30p140tt0p9v25c       0 
FA1D2BWP30P140                  435     1041.390    tcbn28hpcplusbwp30p140tt0p9v25c       0 
FA1D4BWP30P140                 2619     9569.826    tcbn28hpcplusbwp30p140tt0p9v25c       0 
FA1OPTCD1BWP30P140             1840     4636.800    tcbn28hpcplusbwp30p140tt0p9v25c       0 
FA1OPTCD2BWP30P140             8908    26937.792    tcbn28hpcplusbwp30p140tt0p9v25c       0 
FA1OPTSD2BWP30P140               19       69.426    tcbn28hpcplusbwp30p140tt0p9v25c       0 
HA1D0BWP30P140                    1        1.638    tcbn28hpcplusbwp30p140tt0p9v25c       0 
HA1D1BWP30P140                 9842    16121.196    tcbn28hpcplusbwp30p140tt0p9v25c       0 
HA1D2BWP30P140                  116      219.240    tcbn28hpcplusbwp30p140tt0p9v25c       0 
HA1D4BWP30P140                   71      205.758    tcbn28hpcplusbwp30p140tt0p9v25c       0 
IAO21D0BWP30P140                 17       10.710    tcbn28hpcplusbwp30p140tt0p9v25c       0 
IAO21D1BWP30P140                121       76.230    tcbn28hpcplusbwp30p140tt0p9v25c       0 
IAO21D2BWP30P140                280      246.960    tcbn28hpcplusbwp30p140tt0p9v25c       0 
IAO21D4BWP30P140                168      254.016    tcbn28hpcplusbwp30p140tt0p9v25c       0 
IAO22D1BWP30P140                  1        0.882    tcbn28hpcplusbwp30p140tt0p9v25c       0 
IAO22D2BWP30P140                  5        6.930    tcbn28hpcplusbwp30p140tt0p9v25c       0 
IAO22D4BWP30P140                  3        7.182    tcbn28hpcplusbwp30p140tt0p9v25c       0 
IND2D1BWP30P140                6834     3444.336    tcbn28hpcplusbwp30p140tt0p9v25c       0 
IND2D2BWP30P140                 517      390.852    tcbn28hpcplusbwp30p140tt0p9v25c       0 
IND2D4BWP30P140                 143      198.198    tcbn28hpcplusbwp30p140tt0p9v25c       0 
IND2D6BWP30P140                  13       24.570    tcbn28hpcplusbwp30p140tt0p9v25c       0 
IND2D8BWP30P140                   6       15.120    tcbn28hpcplusbwp30p140tt0p9v25c       0 
IND3D1BWP30P140                  41       25.830    tcbn28hpcplusbwp30p140tt0p9v25c       0 
IND3D2BWP30P140                  19       21.546    tcbn28hpcplusbwp30p140tt0p9v25c       0 
IND3D4BWP30P140                   2        4.032    tcbn28hpcplusbwp30p140tt0p9v25c       0 
IND3D6BWP30P140                   1        2.772    tcbn28hpcplusbwp30p140tt0p9v25c       0 
IND4D1BWP30P140                 687      519.372    tcbn28hpcplusbwp30p140tt0p9v25c       0 
IND4D2BWP30P140                  24       36.288    tcbn28hpcplusbwp30p140tt0p9v25c       0 
IND4D4BWP30P140                  41      108.486    tcbn28hpcplusbwp30p140tt0p9v25c       0 
INR2D0BWP30P140                   1        0.504    tcbn28hpcplusbwp30p140tt0p9v25c       0 
INR2D16BWP30P140                  3       14.742    tcbn28hpcplusbwp30p140tt0p9v25c       0 
INR2D1BWP30P140                7387     3723.048    tcbn28hpcplusbwp30p140tt0p9v25c       0 
INR2D2BWP30P140                 929      702.324    tcbn28hpcplusbwp30p140tt0p9v25c       0 
INR2D4BWP30P140                 715      990.990    tcbn28hpcplusbwp30p140tt0p9v25c       0 
INR2D6BWP30P140                  50       94.500    tcbn28hpcplusbwp30p140tt0p9v25c       0 
INR2D8BWP30P140                  22       58.212    tcbn28hpcplusbwp30p140tt0p9v25c       0 
INR3D0BWP30P140                 686      432.180    tcbn28hpcplusbwp30p140tt0p9v25c       0 
INR3D1BWP30P140                 121      121.968    tcbn28hpcplusbwp30p140tt0p9v25c       0 
INR3D2BWP30P140                  14       14.112    tcbn28hpcplusbwp30p140tt0p9v25c       0 
INR3D4BWP30P140                  14       28.224    tcbn28hpcplusbwp30p140tt0p9v25c       0 
INR3D6BWP30P140                   1        2.772    tcbn28hpcplusbwp30p140tt0p9v25c       0 
INR4D0BWP30P140                1514     1144.584    tcbn28hpcplusbwp30p140tt0p9v25c       0 
INR4D1BWP30P140                 349      483.714    tcbn28hpcplusbwp30p140tt0p9v25c       0 
INR4D2BWP30P140                   8       20.160    tcbn28hpcplusbwp30p140tt0p9v25c       0 
INVD0P7BWP30P140                548      138.096    tcbn28hpcplusbwp30p140tt0p9v25c       0 
INVD12BWP30P140                 551      902.538    tcbn28hpcplusbwp30p140tt0p9v25c       0 
INVD15BWP30P140                  72      145.152    tcbn28hpcplusbwp30p140tt0p9v25c       0 
INVD16BWP30P140                  43       92.106    tcbn28hpcplusbwp30p140tt0p9v25c       0 
INVD18BWP30P140                1560     3734.640    tcbn28hpcplusbwp30p140tt0p9v25c       0 
INVD1BWP30P140                13713     3455.676    tcbn28hpcplusbwp30p140tt0p9v25c       0 
INVD1P5BWP30P140                158       59.724    tcbn28hpcplusbwp30p140tt0p9v25c       0 
INVD2BWP30P140                 1040      393.120    tcbn28hpcplusbwp30p140tt0p9v25c       0 
INVD3BWP30P140                  207      104.328    tcbn28hpcplusbwp30p140tt0p9v25c       0 
INVD4BWP30P140                  316      199.080    tcbn28hpcplusbwp30p140tt0p9v25c       0 
INVD6BWP30P140                  398      351.036    tcbn28hpcplusbwp30p140tt0p9v25c       0 
INVD8BWP30P140                  309      350.406    tcbn28hpcplusbwp30p140tt0p9v25c       0 
INVD9BWP30P140                  203      255.780    tcbn28hpcplusbwp30p140tt0p9v25c       0 
IOA21D0BWP30P140                304      191.520    tcbn28hpcplusbwp30p140tt0p9v25c       0 
IOA21D1BWP30P140               8075     5087.250    tcbn28hpcplusbwp30p140tt0p9v25c       0 
IOA21D2BWP30P140                763      672.966    tcbn28hpcplusbwp30p140tt0p9v25c       0 
IOA21D4BWP30P140                 91      126.126    tcbn28hpcplusbwp30p140tt0p9v25c       0 
IOA22D1BWP30P140                123      108.486    tcbn28hpcplusbwp30p140tt0p9v25c       0 
IOA22D2BWP30P140                 46       57.960    tcbn28hpcplusbwp30p140tt0p9v25c       0 
IOA22D4BWP30P140                 41       98.154    tcbn28hpcplusbwp30p140tt0p9v25c       0 
MAOI222D0BWP30P140               28       21.168    tcbn28hpcplusbwp30p140tt0p9v25c       0 
MAOI222D1BWP30P140            10856     8207.136    tcbn28hpcplusbwp30p140tt0p9v25c       0 
MAOI222D2BWP30P140              519      850.122    tcbn28hpcplusbwp30p140tt0p9v25c       0 
MAOI222D4BWP30P140              109      315.882    tcbn28hpcplusbwp30p140tt0p9v25c       0 
MAOI22D0BWP30P140                 5        3.780    tcbn28hpcplusbwp30p140tt0p9v25c       0 
MAOI22D1BWP30P140              2046     1546.776    tcbn28hpcplusbwp30p140tt0p9v25c       0 
MAOI22D2BWP30P140                47       59.220    tcbn28hpcplusbwp30p140tt0p9v25c       0 
MAOI22D4BWP30P140                56      127.008    tcbn28hpcplusbwp30p140tt0p9v25c       0 
MOAI22D0BWP30P140               166      125.496    tcbn28hpcplusbwp30p140tt0p9v25c       0 
MOAI22D1BWP30P140              5809     4391.604    tcbn28hpcplusbwp30p140tt0p9v25c       0 
MOAI22D2BWP30P140              1227     1546.020    tcbn28hpcplusbwp30p140tt0p9v25c       0 
MOAI22D4BWP30P140              1335     3027.780    tcbn28hpcplusbwp30p140tt0p9v25c       0 
MUX2D0BWP30P140                4769     4206.258    tcbn28hpcplusbwp30p140tt0p9v25c       0 
MUX2D1BWP30P140                 526      530.208    tcbn28hpcplusbwp30p140tt0p9v25c       0 
MUX2D2BWP30P140                 601      681.534    tcbn28hpcplusbwp30p140tt0p9v25c       0 
MUX2D4BWP30P140                 391      689.724    tcbn28hpcplusbwp30p140tt0p9v25c       0 
MUX2ND0BWP30P140                 38       28.728    tcbn28hpcplusbwp30p140tt0p9v25c       0 
MUX2ND1BWP30P140                354      446.040    tcbn28hpcplusbwp30p140tt0p9v25c       0 
MUX2ND2BWP30P140                390      491.400    tcbn28hpcplusbwp30p140tt0p9v25c       0 
MUX2ND4BWP30P140                 15       30.240    tcbn28hpcplusbwp30p140tt0p9v25c       0 
MUX2NOPTD2BWP30P140             617      855.162    tcbn28hpcplusbwp30p140tt0p9v25c       0 
MUX2NOPTD4BWP30P140             419     1055.880    tcbn28hpcplusbwp30p140tt0p9v25c       0 
MUX2NOPTD6BWP30P140              26       95.004    tcbn28hpcplusbwp30p140tt0p9v25c       0 
MUX2NOPTD8BWP30P140               3       14.364    tcbn28hpcplusbwp30p140tt0p9v25c       0 
MUX2NUD1BWP30P140             48224    36457.344    tcbn28hpcplusbwp30p140tt0p9v25c       0 
MUX2OPTD12BWP30P140               1        5.796    tcbn28hpcplusbwp30p140tt0p9v25c       0 
MUX2OPTD2BWP30P140               78       88.452    tcbn28hpcplusbwp30p140tt0p9v25c       0 
MUX2OPTD4BWP30P140               97      219.996    tcbn28hpcplusbwp30p140tt0p9v25c       0 
MUX2OPTD6BWP30P140               92      289.800    tcbn28hpcplusbwp30p140tt0p9v25c       0 
MUX2OPTD8BWP30P140               23       89.838    tcbn28hpcplusbwp30p140tt0p9v25c       0 
MUX3D1BWP30P140                   1        1.764    tcbn28hpcplusbwp30p140tt0p9v25c       0 
MUX3D2BWP30P140                   1        1.890    tcbn28hpcplusbwp30p140tt0p9v25c       0 
MUX3NUD1BWP30P140                10       16.380    tcbn28hpcplusbwp30p140tt0p9v25c       0 
ND2D0P7BWP30P140                 27       10.206    tcbn28hpcplusbwp30p140tt0p9v25c       0 
ND2D16BWP30P140                   6       24.948    tcbn28hpcplusbwp30p140tt0p9v25c       0 
ND2D1BWP30P140                10656     4027.968    tcbn28hpcplusbwp30p140tt0p9v25c       0 
ND2D1P5BWP30P140                 48       30.240    tcbn28hpcplusbwp30p140tt0p9v25c       0 
ND2D2BWP30P140                  638      401.940    tcbn28hpcplusbwp30p140tt0p9v25c       0 
ND2D3BWP30P140                  495      436.590    tcbn28hpcplusbwp30p140tt0p9v25c       0 
ND2D4BWP30P140                  246      278.964    tcbn28hpcplusbwp30p140tt0p9v25c       0 
ND2D6BWP30P140                   41       67.158    tcbn28hpcplusbwp30p140tt0p9v25c       0 
ND2D8BWP30P140                    7       14.994    tcbn28hpcplusbwp30p140tt0p9v25c       0 
ND2OPTD12BWP30P140                7       22.050    tcbn28hpcplusbwp30p140tt0p9v25c       0 
ND2OPTD6BWP30P140                26       42.588    tcbn28hpcplusbwp30p140tt0p9v25c       0 
ND2OPTIBD12BWP30P140              3        9.450    tcbn28hpcplusbwp30p140tt0p9v25c       0 
ND2OPTIBD1BWP30P140            6895     2606.310    tcbn28hpcplusbwp30p140tt0p9v25c       0 
ND2OPTIBD2BWP30P140             166      104.580    tcbn28hpcplusbwp30p140tt0p9v25c       0 
ND2OPTIBD4BWP30P140             122      138.348    tcbn28hpcplusbwp30p140tt0p9v25c       0 
ND2OPTIBD6BWP30P140             101      165.438    tcbn28hpcplusbwp30p140tt0p9v25c       0 
ND2OPTIBD8BWP30P140              36       77.112    tcbn28hpcplusbwp30p140tt0p9v25c       0 
ND2OPTPAD12BWP30P140             12       52.920    tcbn28hpcplusbwp30p140tt0p9v25c       0 
ND2OPTPAD16BWP30P140             35      202.860    tcbn28hpcplusbwp30p140tt0p9v25c       0 
ND2OPTPAD1BWP30P140              45       28.350    tcbn28hpcplusbwp30p140tt0p9v25c       0 
ND2OPTPAD2BWP30P140              39       44.226    tcbn28hpcplusbwp30p140tt0p9v25c       0 
ND2OPTPAD4BWP30P140             160      322.560    tcbn28hpcplusbwp30p140tt0p9v25c       0 
ND2OPTPAD6BWP30P140              50      144.900    tcbn28hpcplusbwp30p140tt0p9v25c       0 
ND2OPTPAD8BWP30P140               7       21.168    tcbn28hpcplusbwp30p140tt0p9v25c       0 
ND3D0P7BWP30P140                  1        0.504    tcbn28hpcplusbwp30p140tt0p9v25c       0 
ND3D1BWP30P140                  316      159.264    tcbn28hpcplusbwp30p140tt0p9v25c       0 
ND3D1P5BWP30P140                  7        6.174    tcbn28hpcplusbwp30p140tt0p9v25c       0 
ND3D2BWP30P140                    4        3.528    tcbn28hpcplusbwp30p140tt0p9v25c       0 
ND3D3BWP30P140                    2        2.520    tcbn28hpcplusbwp30p140tt0p9v25c       0 
ND3D4BWP30P140                    2        3.528    tcbn28hpcplusbwp30p140tt0p9v25c       0 
ND3OPTPAD2BWP30P140               1        1.512    tcbn28hpcplusbwp30p140tt0p9v25c       0 
ND3OPTPAD4BWP30P140              14       35.280    tcbn28hpcplusbwp30p140tt0p9v25c       0 
ND4D1BWP30P140                  356      224.280    tcbn28hpcplusbwp30p140tt0p9v25c       0 
ND4D2BWP30P140                   13       16.380    tcbn28hpcplusbwp30p140tt0p9v25c       0 
ND4D3BWP30P140                    4        6.552    tcbn28hpcplusbwp30p140tt0p9v25c       0 
ND4D4BWP30P140                    1        2.268    tcbn28hpcplusbwp30p140tt0p9v25c       0 
NR2D0P7BWP30P140                 17        6.426    tcbn28hpcplusbwp30p140tt0p9v25c       0 
NR2D16BWP30P140                   2        8.316    tcbn28hpcplusbwp30p140tt0p9v25c       0 
NR2D1BWP30P140                24690     9332.820    tcbn28hpcplusbwp30p140tt0p9v25c       0 
NR2D1P5BWP30P140                 65       40.950    tcbn28hpcplusbwp30p140tt0p9v25c       0 
NR2D2BWP30P140                 1201      756.630    tcbn28hpcplusbwp30p140tt0p9v25c       0 
NR2D3BWP30P140                 2256     1989.792    tcbn28hpcplusbwp30p140tt0p9v25c       0 
NR2D4BWP30P140                 2230     2528.820    tcbn28hpcplusbwp30p140tt0p9v25c       0 
NR2D6BWP30P140                  229      375.102    tcbn28hpcplusbwp30p140tt0p9v25c       0 
NR2D8BWP30P140                   55      117.810    tcbn28hpcplusbwp30p140tt0p9v25c       0 
NR2OPTD12BWP30P140                2        6.300    tcbn28hpcplusbwp30p140tt0p9v25c       0 
NR2OPTD6BWP30P140               523      856.674    tcbn28hpcplusbwp30p140tt0p9v25c       0 
NR2OPTIBD16BWP30P140              2        8.316    tcbn28hpcplusbwp30p140tt0p9v25c       0 
NR2OPTIBD1BWP30P140           16373     6188.994    tcbn28hpcplusbwp30p140tt0p9v25c       0 
NR2OPTIBD2BWP30P140             306      192.780    tcbn28hpcplusbwp30p140tt0p9v25c       0 
NR2OPTIBD4BWP30P140             297      336.798    tcbn28hpcplusbwp30p140tt0p9v25c       0 
NR2OPTIBD6BWP30P140             546      894.348    tcbn28hpcplusbwp30p140tt0p9v25c       0 
NR2OPTIBD8BWP30P140             399      854.658    tcbn28hpcplusbwp30p140tt0p9v25c       0 
NR2OPTPAD16BWP30P140              1        6.174    tcbn28hpcplusbwp30p140tt0p9v25c       0 
NR2OPTPAD1BWP30P140             685      345.240    tcbn28hpcplusbwp30p140tt0p9v25c       0 
NR2OPTPAD2BWP30P140             160      141.120    tcbn28hpcplusbwp30p140tt0p9v25c       0 
NR2OPTPAD4BWP30P140             541      886.158    tcbn28hpcplusbwp30p140tt0p9v25c       0 
NR2OPTPAD6BWP30P140              52      124.488    tcbn28hpcplusbwp30p140tt0p9v25c       0 
NR2OPTPAD8BWP30P140              82      258.300    tcbn28hpcplusbwp30p140tt0p9v25c       0 
NR3D0BWP30P140                  217      109.368    tcbn28hpcplusbwp30p140tt0p9v25c       0 
NR3D0P7BWP30P140                150       75.600    tcbn28hpcplusbwp30p140tt0p9v25c       0 
NR3D1BWP30P140                    2        1.764    tcbn28hpcplusbwp30p140tt0p9v25c       0 
NR3D1P5BWP30P140                 14       12.348    tcbn28hpcplusbwp30p140tt0p9v25c       0 
NR3D2BWP30P140                   20       35.280    tcbn28hpcplusbwp30p140tt0p9v25c       0 
NR3D3BWP30P140                   11       27.720    tcbn28hpcplusbwp30p140tt0p9v25c       0 
NR3OPTPAD2BWP30P140               3        4.914    tcbn28hpcplusbwp30p140tt0p9v25c       0 
NR3OPTPAD4BWP30P140               2        4.788    tcbn28hpcplusbwp30p140tt0p9v25c       0 
NR3OPTPAD6BWP30P140               1        3.276    tcbn28hpcplusbwp30p140tt0p9v25c       0 
NR4D0BWP30P140                 1061      668.430    tcbn28hpcplusbwp30p140tt0p9v25c       0 
NR4D1BWP30P140                   41       46.494    tcbn28hpcplusbwp30p140tt0p9v25c       0 
NR4D2BWP30P140                    1        2.268    tcbn28hpcplusbwp30p140tt0p9v25c       0 
OA211D1BWP30P140                384      290.304    tcbn28hpcplusbwp30p140tt0p9v25c       0 
OA211D2BWP30P140                  2        1.764    tcbn28hpcplusbwp30p140tt0p9v25c       0 
OA21D0BWP30P140                  23       14.490    tcbn28hpcplusbwp30p140tt0p9v25c       0 
OA21D1BWP30P140                7576     4772.880    tcbn28hpcplusbwp30p140tt0p9v25c       0 
OA21D2BWP30P140                 286      216.216    tcbn28hpcplusbwp30p140tt0p9v25c       0 
OA21D4BWP30P140                 557      772.002    tcbn28hpcplusbwp30p140tt0p9v25c       0 
OA22D0BWP30P140                   5        4.410    tcbn28hpcplusbwp30p140tt0p9v25c       0 
OA22D1BWP30P140                 689      607.698    tcbn28hpcplusbwp30p140tt0p9v25c       0 
OA22D4BWP30P140                   4        7.056    tcbn28hpcplusbwp30p140tt0p9v25c       0 
OAI211D0BWP30P140                 1        0.630    tcbn28hpcplusbwp30p140tt0p9v25c       0 
OAI211D1BWP30P140              1567      987.210    tcbn28hpcplusbwp30p140tt0p9v25c       0 
OAI211D2BWP30P140                21       23.814    tcbn28hpcplusbwp30p140tt0p9v25c       0 
OAI211D4BWP30P140                 1        2.268    tcbn28hpcplusbwp30p140tt0p9v25c       0 
OAI211OPTD6BWP30P140              2        6.552    tcbn28hpcplusbwp30p140tt0p9v25c       0 
OAI211OPTREPBD1BWP30P140          9       10.206    tcbn28hpcplusbwp30p140tt0p9v25c       0 
OAI211OPTREPBD2BWP30P140         16       28.224    tcbn28hpcplusbwp30p140tt0p9v25c       0 
OAI211OPTREPBD4BWP30P140          5       17.640    tcbn28hpcplusbwp30p140tt0p9v25c       0 
OAI21D0P7BWP30P140              109       54.936    tcbn28hpcplusbwp30p140tt0p9v25c       0 
OAI21D1BWP30P140              12291     6194.664    tcbn28hpcplusbwp30p140tt0p9v25c       0 
OAI21D1P5BWP30P140               62       54.684    tcbn28hpcplusbwp30p140tt0p9v25c       0 
OAI21D2BWP30P140                862      760.284    tcbn28hpcplusbwp30p140tt0p9v25c       0 
OAI21D4BWP30P140                545      961.380    tcbn28hpcplusbwp30p140tt0p9v25c       0 
OAI21D6BWP30P140                368      927.360    tcbn28hpcplusbwp30p140tt0p9v25c       0 
OAI21D8BWP30P140                 42      137.592    tcbn28hpcplusbwp30p140tt0p9v25c       0 
OAI21OPTREPBD1BWP30P140         281      212.436    tcbn28hpcplusbwp30p140tt0p9v25c       0 
OAI21OPTREPBD2BWP30P140         200      277.200    tcbn28hpcplusbwp30p140tt0p9v25c       0 
OAI21OPTREPBD4BWP30P140         141      373.086    tcbn28hpcplusbwp30p140tt0p9v25c       0 
OAI21OPTREPBD6BWP30P140          19       74.214    tcbn28hpcplusbwp30p140tt0p9v25c       0 
OAI221D1BWP30P140              3537     3119.634    tcbn28hpcplusbwp30p140tt0p9v25c       0 
OAI221D2BWP30P140               186      281.232    tcbn28hpcplusbwp30p140tt0p9v25c       0 
OAI221D4BWP30P140               102      295.596    tcbn28hpcplusbwp30p140tt0p9v25c       0 
OAI222D1BWP30P140              2985     3008.880    tcbn28hpcplusbwp30p140tt0p9v25c       0 
OAI22D0BWP30P140                 15        9.450    tcbn28hpcplusbwp30p140tt0p9v25c       0 
OAI22D0P7BWP30P140               48       30.240    tcbn28hpcplusbwp30p140tt0p9v25c       0 
OAI22D1BWP30P140              98936    62329.680    tcbn28hpcplusbwp30p140tt0p9v25c       0 
OAI22D1P5BWP30P140               25       28.350    tcbn28hpcplusbwp30p140tt0p9v25c       0 
OAI22D2BWP30P140                 21       23.814    tcbn28hpcplusbwp30p140tt0p9v25c       0 
OAI22D4BWP30P140                 23       52.164    tcbn28hpcplusbwp30p140tt0p9v25c       0 
OAI22D6BWP30P140                  5       16.380    tcbn28hpcplusbwp30p140tt0p9v25c       0 
OAI22OPTPBD1BWP30P140           160      161.280    tcbn28hpcplusbwp30p140tt0p9v25c       0 
OAI22OPTPBD2BWP30P140            32       60.480    tcbn28hpcplusbwp30p140tt0p9v25c       0 
OAI22OPTPBD4BWP30P140            11       40.194    tcbn28hpcplusbwp30p140tt0p9v25c       0 
OAI22OPTPBD6BWP30P140             2       10.836    tcbn28hpcplusbwp30p140tt0p9v25c       0 
OAI31D0BWP30P140                  1        0.630    tcbn28hpcplusbwp30p140tt0p9v25c       0 
OAI31D1BWP30P140                298      187.740    tcbn28hpcplusbwp30p140tt0p9v25c       0 
OAI31D2BWP30P140                 99      112.266    tcbn28hpcplusbwp30p140tt0p9v25c       0 
OAI31D4BWP30P140                 30       68.040    tcbn28hpcplusbwp30p140tt0p9v25c       0 
OAI32D1BWP30P140                369      278.964    tcbn28hpcplusbwp30p140tt0p9v25c       0 
OAI32D2BWP30P140                  3        4.158    tcbn28hpcplusbwp30p140tt0p9v25c       0 
OAI32D4BWP30P140                  1        2.898    tcbn28hpcplusbwp30p140tt0p9v25c       0 
OR2D0BWP30P140                 1730      871.920    tcbn28hpcplusbwp30p140tt0p9v25c       0 
OR2D1BWP30P140                 5499     2771.496    tcbn28hpcplusbwp30p140tt0p9v25c       0 
OR2D2BWP30P140                  357      224.910    tcbn28hpcplusbwp30p140tt0p9v25c       0 
OR2D4BWP30P140                  186      210.924    tcbn28hpcplusbwp30p140tt0p9v25c       0 
OR2D6BWP30P140                   41       56.826    tcbn28hpcplusbwp30p140tt0p9v25c       0 
OR3D1BWP30P140                  242      152.460    tcbn28hpcplusbwp30p140tt0p9v25c       0 
OR3D2BWP30P140                   10        7.560    tcbn28hpcplusbwp30p140tt0p9v25c       0 
OR3D4BWP30P140                    1        1.386    tcbn28hpcplusbwp30p140tt0p9v25c       0 
OR4D1BWP30P140                  297      224.532    tcbn28hpcplusbwp30p140tt0p9v25c       0 
OR4D2BWP30P140                    1        0.882    tcbn28hpcplusbwp30p140tt0p9v25c       0 
OR4D4BWP30P140                    1        1.638    tcbn28hpcplusbwp30p140tt0p9v25c       0 
SDFD1BWP30P140                   12       33.264    tcbn28hpcplusbwp30p140tt0p9v25c       0 
SDFQNOPTSADD4BWP30P140           44      221.760    tcbn28hpcplusbwp30p140tt0p9v25c       0 
XNR2D0BWP30P140                  19       19.152    tcbn28hpcplusbwp30p140tt0p9v25c       0 
XNR2D1BWP30P140                1170     1179.360    tcbn28hpcplusbwp30p140tt0p9v25c       0 
XNR2D2BWP30P140                 752      852.768    tcbn28hpcplusbwp30p140tt0p9v25c       0 
XNR2D4BWP30P140                 185      372.960    tcbn28hpcplusbwp30p140tt0p9v25c       0 
XNR2OPTND2BWP30P140            1407     1950.102    tcbn28hpcplusbwp30p140tt0p9v25c       0 
XNR2OPTND4BWP30P140            3135     7900.200    tcbn28hpcplusbwp30p140tt0p9v25c       0 
XNR2OPTND6BWP30P140             347     1267.938    tcbn28hpcplusbwp30p140tt0p9v25c       0 
XNR2OPTND8BWP30P140              37      177.156    tcbn28hpcplusbwp30p140tt0p9v25c       0 
XNR2UD0BWP30P140                190      167.580    tcbn28hpcplusbwp30p140tt0p9v25c       0 
XNR2UD1BWP30P140             107341    94674.762    tcbn28hpcplusbwp30p140tt0p9v25c       0 
XNR3D0BWP30P140                   1        1.890    tcbn28hpcplusbwp30p140tt0p9v25c       0 
XNR3D1BWP30P140                 159      300.510    tcbn28hpcplusbwp30p140tt0p9v25c       0 
XNR3D2BWP30P140                 145      292.320    tcbn28hpcplusbwp30p140tt0p9v25c       0 
XNR3D4BWP30P140                  73      229.950    tcbn28hpcplusbwp30p140tt0p9v25c       0 
XNR3UD1BWP30P140                373      657.972    tcbn28hpcplusbwp30p140tt0p9v25c       0 
XNR4D1BWP30P140                   4       10.584    tcbn28hpcplusbwp30p140tt0p9v25c       0 
XOR2D1BWP30P140                 328      330.624    tcbn28hpcplusbwp30p140tt0p9v25c       0 
XOR2D2BWP30P140                 129      146.286    tcbn28hpcplusbwp30p140tt0p9v25c       0 
XOR2D4BWP30P140                 106      213.696    tcbn28hpcplusbwp30p140tt0p9v25c       0 
XOR2OPTND2BWP30P140             717      993.762    tcbn28hpcplusbwp30p140tt0p9v25c       0 
XOR2OPTND4BWP30P140            1197     3016.440    tcbn28hpcplusbwp30p140tt0p9v25c       0 
XOR2OPTND6BWP30P140             232      847.728    tcbn28hpcplusbwp30p140tt0p9v25c       0 
XOR2OPTND8BWP30P140              34      162.792    tcbn28hpcplusbwp30p140tt0p9v25c       0 
XOR2UD0BWP30P140                 22       19.404    tcbn28hpcplusbwp30p140tt0p9v25c       0 
XOR2UD1BWP30P140              61319    54083.358    tcbn28hpcplusbwp30p140tt0p9v25c       0 
XOR3D0BWP30P140                   1        1.890    tcbn28hpcplusbwp30p140tt0p9v25c       0 
XOR3D1BWP30P140                 845     1597.050    tcbn28hpcplusbwp30p140tt0p9v25c       0 
XOR3D2BWP30P140                 369      743.904    tcbn28hpcplusbwp30p140tt0p9v25c       0 
XOR3D4BWP30P140                 230      724.500    tcbn28hpcplusbwp30p140tt0p9v25c       0 
XOR3UD0BWP30P140                  2        3.528    tcbn28hpcplusbwp30p140tt0p9v25c       0 
XOR3UD1BWP30P140                838     1478.232    tcbn28hpcplusbwp30p140tt0p9v25c       0 
XOR4D1BWP30P140                   2        5.292    tcbn28hpcplusbwp30p140tt0p9v25c       0 
--------------------------------------------------------------------------------------------
total                       1012630  1191178.926                                    


                                            
     Type      Instances     Area    Area % 
--------------------------------------------
sequential         86475  166404.420   14.0 
inverter           60473   22230.054    1.9 
buffer              7440   12781.440    1.1 
logic             858242  989763.012   83.1 
physical_cells         0       0.000    0.0 
--------------------------------------------
total            1012630 1191178.926  100.0 

