aoc: Environment checks are completed successfully.
aoc: Cached files in /var/tmp/aocl/ may be used to reduce compilation time
Compiling for FPGA. This process may take a long time, please be patient.
Command exited with non-zero status 124
	Command being timed: "timeout --signal=TERM --kill-after=10s 180s aoc -v -rtl -save-temps -board=s5_ref aocl_channel_smoke.aoco"
	User time (seconds): 292.29
	System time (seconds): 11.97
	Percent of CPU this job got: 169%
	Elapsed (wall clock) time (h:mm:ss or m:ss): 3:00.00
	Average shared text size (kbytes): 0
	Average unshared data size (kbytes): 0
	Average stack size (kbytes): 0
	Average total size (kbytes): 0
	Maximum resident set size (kbytes): 1607204
	Average resident set size (kbytes): 0
	Major (requiring I/O) page faults: 143
	Minor (reclaiming a frame) page faults: 1328213
	Voluntary context switches: 1600870
	Involuntary context switches: 4821
	Swaps: 0
	File system inputs: 1964018
	File system outputs: 284736
	Socket messages sent: 0
	Socket messages received: 0
	Signals delivered: 0
	Page size (bytes): 4096
	Exit status: 124
